Archive member included to satisfy reference by file (symbol)

c:/program files/stmicroelectronics/stm32cubeide_1.12.0/stm32cubeide/plugins/com.st.stm32cube.ide.mcu.externaltools.gnu-tools-for-stm32.10.3-2021.10.win32_1.0.200.202301161003/tools/bin/../lib/gcc/arm-none-eabi/10.3.1/../../../../arm-none-eabi/lib/thumb/v7e-m+fp/hard\libc_nano.a(lib_a-errno.o)
                              ./Core/Src/syscalls.o (__errno)
c:/program files/stmicroelectronics/stm32cubeide_1.12.0/stm32cubeide/plugins/com.st.stm32cube.ide.mcu.externaltools.gnu-tools-for-stm32.10.3-2021.10.win32_1.0.200.202301161003/tools/bin/../lib/gcc/arm-none-eabi/10.3.1/../../../../arm-none-eabi/lib/thumb/v7e-m+fp/hard\libc_nano.a(lib_a-exit.o)
                              c:/program files/stmicroelectronics/stm32cubeide_1.12.0/stm32cubeide/plugins/com.st.stm32cube.ide.mcu.externaltools.gnu-tools-for-stm32.10.3-2021.10.win32_1.0.200.202301161003/tools/bin/../lib/gcc/arm-none-eabi/10.3.1/../../../../arm-none-eabi/lib/thumb/v7e-m+fp/hard/crt0.o (exit)
c:/program files/stmicroelectronics/stm32cubeide_1.12.0/stm32cubeide/plugins/com.st.stm32cube.ide.mcu.externaltools.gnu-tools-for-stm32.10.3-2021.10.win32_1.0.200.202301161003/tools/bin/../lib/gcc/arm-none-eabi/10.3.1/../../../../arm-none-eabi/lib/thumb/v7e-m+fp/hard\libc_nano.a(lib_a-impure.o)
                              c:/program files/stmicroelectronics/stm32cubeide_1.12.0/stm32cubeide/plugins/com.st.stm32cube.ide.mcu.externaltools.gnu-tools-for-stm32.10.3-2021.10.win32_1.0.200.202301161003/tools/bin/../lib/gcc/arm-none-eabi/10.3.1/../../../../arm-none-eabi/lib/thumb/v7e-m+fp/hard\libc_nano.a(lib_a-exit.o) (_global_impure_ptr)
c:/program files/stmicroelectronics/stm32cubeide_1.12.0/stm32cubeide/plugins/com.st.stm32cube.ide.mcu.externaltools.gnu-tools-for-stm32.10.3-2021.10.win32_1.0.200.202301161003/tools/bin/../lib/gcc/arm-none-eabi/10.3.1/../../../../arm-none-eabi/lib/thumb/v7e-m+fp/hard\libc_nano.a(lib_a-init.o)
                              c:/program files/stmicroelectronics/stm32cubeide_1.12.0/stm32cubeide/plugins/com.st.stm32cube.ide.mcu.externaltools.gnu-tools-for-stm32.10.3-2021.10.win32_1.0.200.202301161003/tools/bin/../lib/gcc/arm-none-eabi/10.3.1/../../../../arm-none-eabi/lib/thumb/v7e-m+fp/hard/crt0.o (__libc_init_array)
c:/program files/stmicroelectronics/stm32cubeide_1.12.0/stm32cubeide/plugins/com.st.stm32cube.ide.mcu.externaltools.gnu-tools-for-stm32.10.3-2021.10.win32_1.0.200.202301161003/tools/bin/../lib/gcc/arm-none-eabi/10.3.1/../../../../arm-none-eabi/lib/thumb/v7e-m+fp/hard\libc_nano.a(lib_a-memset.o)
                              c:/program files/stmicroelectronics/stm32cubeide_1.12.0/stm32cubeide/plugins/com.st.stm32cube.ide.mcu.externaltools.gnu-tools-for-stm32.10.3-2021.10.win32_1.0.200.202301161003/tools/bin/../lib/gcc/arm-none-eabi/10.3.1/../../../../arm-none-eabi/lib/thumb/v7e-m+fp/hard/crt0.o (memset)
c:/program files/stmicroelectronics/stm32cubeide_1.12.0/stm32cubeide/plugins/com.st.stm32cube.ide.mcu.externaltools.gnu-tools-for-stm32.10.3-2021.10.win32_1.0.200.202301161003/tools/bin/../lib/gcc/arm-none-eabi/10.3.1/thumb/v7e-m+fp/hard\libgcc.a(_aeabi_uldivmod.o)
                              ./Drivers/STM32F7xx_HAL_Driver/Src/stm32f7xx_hal_rcc.o (__aeabi_uldivmod)
c:/program files/stmicroelectronics/stm32cubeide_1.12.0/stm32cubeide/plugins/com.st.stm32cube.ide.mcu.externaltools.gnu-tools-for-stm32.10.3-2021.10.win32_1.0.200.202301161003/tools/bin/../lib/gcc/arm-none-eabi/10.3.1/thumb/v7e-m+fp/hard\libgcc.a(_udivmoddi4.o)
                              c:/program files/stmicroelectronics/stm32cubeide_1.12.0/stm32cubeide/plugins/com.st.stm32cube.ide.mcu.externaltools.gnu-tools-for-stm32.10.3-2021.10.win32_1.0.200.202301161003/tools/bin/../lib/gcc/arm-none-eabi/10.3.1/thumb/v7e-m+fp/hard\libgcc.a(_aeabi_uldivmod.o) (__udivmoddi4)
c:/program files/stmicroelectronics/stm32cubeide_1.12.0/stm32cubeide/plugins/com.st.stm32cube.ide.mcu.externaltools.gnu-tools-for-stm32.10.3-2021.10.win32_1.0.200.202301161003/tools/bin/../lib/gcc/arm-none-eabi/10.3.1/thumb/v7e-m+fp/hard\libgcc.a(_dvmd_tls.o)
                              c:/program files/stmicroelectronics/stm32cubeide_1.12.0/stm32cubeide/plugins/com.st.stm32cube.ide.mcu.externaltools.gnu-tools-for-stm32.10.3-2021.10.win32_1.0.200.202301161003/tools/bin/../lib/gcc/arm-none-eabi/10.3.1/thumb/v7e-m+fp/hard\libgcc.a(_aeabi_uldivmod.o) (__aeabi_ldiv0)

Discarded input sections

 .text          0x0000000000000000        0x0 c:/program files/stmicroelectronics/stm32cubeide_1.12.0/stm32cubeide/plugins/com.st.stm32cube.ide.mcu.externaltools.gnu-tools-for-stm32.10.3-2021.10.win32_1.0.200.202301161003/tools/bin/../lib/gcc/arm-none-eabi/10.3.1/thumb/v7e-m+fp/hard/crti.o
[...]
Memory Configuration

Name             Origin             Length             Attributes
RAM              0x0000000020000000 0x0000000000040000 xrw
FLASH            0x0000000008000000 0x0000000000040000 xr
*default*        0x0000000000000000 0xffffffffffffffff

Linker script and memory map

LOAD c:/program files/stmicroelectronics/stm32cubeide_1.12.0/stm32cubeide/plugins/com.st.stm32cube.ide.mcu.externaltools.gnu-tools-for-stm32.10.3-2021.10.win32_1.0.200.202301161003/tools/bin/../lib/gcc/arm-none-eabi/10.3.1/thumb/v7e-m+fp/hard/crti.o
LOAD c:/program files/stmicroelectronics/stm32cubeide_1.12.0/stm32cubeide/plugins/com.st.stm32cube.ide.mcu.externaltools.gnu-tools-for-stm32.10.3-2021.10.win32_1.0.200.202301161003/tools/bin/../lib/gcc/arm-none-eabi/10.3.1/thumb/v7e-m+fp/hard/crtbegin.o
LOAD c:/program files/stmicroelectronics/stm32cubeide_1.12.0/stm32cubeide/plugins/com.st.stm32cube.ide.mcu.externaltools.gnu-tools-for-stm32.10.3-2021.10.win32_1.0.200.202301161003/tools/bin/../lib/gcc/arm-none-eabi/10.3.1/../../../../arm-none-eabi/lib/thumb/v7e-m+fp/hard/crt0.o
LOAD ./Core/Src/Common.o
LOAD ./Core/Src/FSMGonio.o
LOAD ./Core/Src/main.o
LOAD ./Core/Src/stm32f7xx_hal_msp.o
LOAD ./Core/Src/stm32f7xx_it.o
LOAD ./Core/Src/syscalls.o
LOAD ./Core/Src/sysmem.o
LOAD ./Core/Src/system_stm32f7xx.o
LOAD ./Core/Startup/startup_stm32f722vctx.o
LOAD ./Drivers/Encoder/Encoder.o
LOAD ./Drivers/Motor/Motor.o
LOAD ./Drivers/PC_Communication/PC_Communication.o
LOAD ./Drivers/Photodetector/Photodetector.o
LOAD ./Drivers/STM32F7xx_HAL_Driver/Src/stm32f7xx_hal.o
LOAD ./Drivers/STM32F7xx_HAL_Driver/Src/stm32f7xx_hal_cortex.o
LOAD ./Drivers/STM32F7xx_HAL_Driver/Src/stm32f7xx_hal_dma.o
LOAD ./Drivers/STM32F7xx_HAL_Driver/Src/stm32f7xx_hal_dma_ex.o
LOAD ./Drivers/STM32F7xx_HAL_Driver/Src/stm32f7xx_hal_exti.o
LOAD ./Drivers/STM32F7xx_HAL_Driver/Src/stm32f7xx_hal_flash.o
LOAD ./Drivers/STM32F7xx_HAL_Driver/Src/stm32f7xx_hal_flash_ex.o
LOAD ./Drivers/STM32F7xx_HAL_Driver/Src/stm32f7xx_hal_gpio.o
LOAD ./Drivers/STM32F7xx_HAL_Driver/Src/stm32f7xx_hal_i2c.o
LOAD ./Drivers/STM32F7xx_HAL_Driver/Src/stm32f7xx_hal_i2c_ex.o
LOAD ./Drivers/STM32F7xx_HAL_Driver/Src/stm32f7xx_hal_iwdg.o
LOAD ./Drivers/STM32F7xx_HAL_Driver/Src/stm32f7xx_hal_pwr.o
LOAD ./Drivers/STM32F7xx_HAL_Driver/Src/stm32f7xx_hal_pwr_ex.o
LOAD ./Drivers/STM32F7xx_HAL_Driver/Src/stm32f7xx_hal_rcc.o
LOAD ./Drivers/STM32F7xx_HAL_Driver/Src/stm32f7xx_hal_rcc_ex.o
LOAD ./Drivers/STM32F7xx_HAL_Driver/Src/stm32f7xx_hal_spi.o
LOAD ./Drivers/STM32F7xx_HAL_Driver/Src/stm32f7xx_hal_spi_ex.o
LOAD ./Drivers/STM32F7xx_HAL_Driver/Src/stm32f7xx_hal_tim.o
LOAD ./Drivers/STM32F7xx_HAL_Driver/Src/stm32f7xx_hal_tim_ex.o
LOAD ./Drivers/STM32F7xx_HAL_Driver/Src/stm32f7xx_hal_uart.o
LOAD ./Drivers/STM32F7xx_HAL_Driver/Src/stm32f7xx_hal_uart_ex.o
START GROUP
LOAD c:/program files/stmicroelectronics/stm32cubeide_1.12.0/stm32cubeide/plugins/com.st.stm32cube.ide.mcu.externaltools.gnu-tools-for-stm32.10.3-2021.10.win32_1.0.200.202301161003/tools/bin/../lib/gcc/arm-none-eabi/10.3.1/../../../../arm-none-eabi/lib/thumb/v7e-m+fp/hard\libc_nano.a
LOAD c:/program files/stmicroelectronics/stm32cubeide_1.12.0/stm32cubeide/plugins/com.st.stm32cube.ide.mcu.externaltools.gnu-tools-for-stm32.10.3-2021.10.win32_1.0.200.202301161003/tools/bin/../lib/gcc/arm-none-eabi/10.3.1/../../../../arm-none-eabi/lib/thumb/v7e-m+fp/hard\libm.a
END GROUP
START GROUP
LOAD c:/program files/stmicroelectronics/stm32cubeide_1.12.0/stm32cubeide/plugins/com.st.stm32cube.ide.mcu.externaltools.gnu-tools-for-stm32.10.3-2021.10.win32_1.0.200.202301161003/tools/bin/../lib/gcc/arm-none-eabi/10.3.1/thumb/v7e-m+fp/hard\libgcc.a
LOAD c:/program files/stmicroelectronics/stm32cubeide_1.12.0/stm32cubeide/plugins/com.st.stm32cube.ide.mcu.externaltools.gnu-tools-for-stm32.10.3-2021.10.win32_1.0.200.202301161003/tools/bin/../lib/gcc/arm-none-eabi/10.3.1/../../../../arm-none-eabi/lib/thumb/v7e-m+fp/hard\libc_nano.a
END GROUP
START GROUP
LOAD c:/program files/stmicroelectronics/stm32cubeide_1.12.0/stm32cubeide/plugins/com.st.stm32cube.ide.mcu.externaltools.gnu-tools-for-stm32.10.3-2021.10.win32_1.0.200.202301161003/tools/bin/../lib/gcc/arm-none-eabi/10.3.1/thumb/v7e-m+fp/hard\libgcc.a
LOAD c:/program files/stmicroelectronics/stm32cubeide_1.12.0/stm32cubeide/plugins/com.st.stm32cube.ide.mcu.externaltools.gnu-tools-for-stm32.10.3-2021.10.win32_1.0.200.202301161003/tools/bin/../lib/gcc/arm-none-eabi/10.3.1/../../../../arm-none-eabi/lib/thumb/v7e-m+fp/hard\libc_nano.a
LOAD c:/program files/stmicroelectronics/stm32cubeide_1.12.0/stm32cubeide/plugins/com.st.stm32cube.ide.mcu.externaltools.gnu-tools-for-stm32.10.3-2021.10.win32_1.0.200.202301161003/tools/bin/../lib/gcc/arm-none-eabi/10.3.1/../../../../arm-none-eabi/lib/thumb/v7e-m+fp/hard\libnosys.a
END GROUP
START GROUP
LOAD c:/program files/stmicroelectronics/stm32cubeide_1.12.0/stm32cubeide/plugins/com.st.stm32cube.ide.mcu.externaltools.gnu-tools-for-stm32.10.3-2021.10.win32_1.0.200.202301161003/tools/bin/../lib/gcc/arm-none-eabi/10.3.1/thumb/v7e-m+fp/hard\libgcc.a
LOAD c:/program files/stmicroelectronics/stm32cubeide_1.12.0/stm32cubeide/plugins/com.st.stm32cube.ide.mcu.externaltools.gnu-tools-for-stm32.10.3-2021.10.win32_1.0.200.202301161003/tools/bin/../lib/gcc/arm-none-eabi/10.3.1/../../../../arm-none-eabi/lib/thumb/v7e-m+fp/hard\libc_nano.a
LOAD c:/program files/stmicroelectronics/stm32cubeide_1.12.0/stm32cubeide/plugins/com.st.stm32cube.ide.mcu.externaltools.gnu-tools-for-stm32.10.3-2021.10.win32_1.0.200.202301161003/tools/bin/../lib/gcc/arm-none-eabi/10.3.1/../../../../arm-none-eabi/lib/thumb/v7e-m+fp/hard\libnosys.a
END GROUP
LOAD c:/program files/stmicroelectronics/stm32cubeide_1.12.0/stm32cubeide/plugins/com.st.stm32cube.ide.mcu.externaltools.gnu-tools-for-stm32.10.3-2021.10.win32_1.0.200.202301161003/tools/bin/../lib/gcc/arm-none-eabi/10.3.1/thumb/v7e-m+fp/hard/crtend.o
LOAD c:/program files/stmicroelectronics/stm32cubeide_1.12.0/stm32cubeide/plugins/com.st.stm32cube.ide.mcu.externaltools.gnu-tools-for-stm32.10.3-2021.10.win32_1.0.200.202301161003/tools/bin/../lib/gcc/arm-none-eabi/10.3.1/thumb/v7e-m+fp/hard/crtn.o
                0x0000000020040000                _estack = (ORIGIN (RAM) + LENGTH (RAM))
                0x0000000000000200                _Min_Heap_Size = 0x200
                0x0000000000000400                _Min_Stack_Size = 0x400

.isr_vector     0x0000000008000000      0x1e0
                0x0000000008000000                . = ALIGN (0x4)
 *(.isr_vector)
 .isr_vector    0x0000000008000000      0x1e0 ./Core/Startup/startup_stm32f722vctx.o
                0x0000000008000000                g_pfnVectors
                0x00000000080001e0                . = ALIGN (0x4)

.text           0x00000000080001e0     0x5154
                0x00000000080001e0                . = ALIGN (0x4)
 *(.text)
 .text          0x00000000080001e0       0x40 c:/program files/stmicroelectronics/stm32cubeide_1.12.0/stm32cubeide/plugins/com.st.stm32cube.ide.mcu.externaltools.gnu-tools-for-stm32.10.3-2021.10.win32_1.0.200.202301161003/tools/bin/../lib/gcc/arm-none-eabi/10.3.1/thumb/v7e-m+fp/hard/crtbegin.o
 .text          0x0000000008000220       0x30 c:/program files/stmicroelectronics/stm32cubeide_1.12.0/stm32cubeide/plugins/com.st.stm32cube.ide.mcu.externaltools.gnu-tools-for-stm32.10.3-2021.10.win32_1.0.200.202301161003/tools/bin/../lib/gcc/arm-none-eabi/10.3.1/thumb/v7e-m+fp/hard\libgcc.a(_aeabi_uldivmod.o)
                0x0000000008000220                __aeabi_uldivmod
 .text          0x0000000008000250      0x2d0 c:/program files/stmicroelectronics/stm32cubeide_1.12.0/stm32cubeide/plugins/com.st.stm32cube.ide.mcu.externaltools.gnu-tools-for-stm32.10.3-2021.10.win32_1.0.200.202301161003/tools/bin/../lib/gcc/arm-none-eabi/10.3.1/thumb/v7e-m+fp/hard\libgcc.a(_udivmoddi4.o)
                0x0000000008000250                __udivmoddi4
 .text          0x0000000008000520        0x4 c:/program files/stmicroelectronics/stm32cubeide_1.12.0/stm32cubeide/plugins/com.st.stm32cube.ide.mcu.externaltools.gnu-tools-for-stm32.10.3-2021.10.win32_1.0.200.202301161003/tools/bin/../lib/gcc/arm-none-eabi/10.3.1/thumb/v7e-m+fp/hard\libgcc.a(_dvmd_tls.o)
                0x0000000008000520                __aeabi_idiv0
                0x0000000008000520                __aeabi_ldiv0
 *(.text*)
 .text.dispatchFSMGlobal
                0x0000000008000524       0x84 ./Core/Src/FSMGonio.o
                0x0000000008000524                dispatchFSMGlobal
 .text.globalInit
                0x00000000080005a8        0xe ./Core/Src/main.o
                0x00000000080005a8                globalInit
 *fill*         0x00000000080005b6        0x2 
 .text.main     0x00000000080005b8       0x68 ./Core/Src/main.o
                0x00000000080005b8                main
 .text.SystemClock_Config
                0x0000000008000620       0xdc ./Core/Src/main.o
                0x0000000008000620                SystemClock_Config
 .text.MX_IWDG_Init
                0x00000000080006fc       0x3c ./Core/Src/main.o
 .text.MX_SPI3_Init
                0x0000000008000738       0x7c ./Core/Src/main.o
 .text.MX_SPI4_Init
                0x00000000080007b4       0x7c ./Core/Src/main.o
 .text.MX_TIM2_Init
                0x0000000008000830       0x9c ./Core/Src/main.o
 .text.MX_TIM3_Init
                0x00000000080008cc       0xa0 ./Core/Src/main.o
 .text.MX_TIM4_Init
                0x000000000800096c       0x9c ./Core/Src/main.o
 .text.MX_TIM5_Init
                0x0000000008000a08       0xa0 ./Core/Src/main.o
 .text.MX_TIM6_Init
                0x0000000008000aa8       0x6c ./Core/Src/main.o
 .text.MX_TIM7_Init
                0x0000000008000b14       0x6c ./Core/Src/main.o
 .text.MX_TIM10_Init
                0x0000000008000b80       0x48 ./Core/Src/main.o
 .text.MX_TIM11_Init
                0x0000000008000bc8       0x48 ./Core/Src/main.o
 .text.MX_TIM12_Init
                0x0000000008000c10       0x74 ./Core/Src/main.o
 .text.MX_TIM13_Init
                0x0000000008000c84       0x48 ./Core/Src/main.o
 .text.MX_TIM14_Init
                0x0000000008000ccc       0x48 ./Core/Src/main.o
 .text.MX_USART1_UART_Init
                0x0000000008000d14       0x60 ./Core/Src/main.o
 .text.MX_USART3_UART_Init
                0x0000000008000d74       0x64 ./Core/Src/main.o
 .text.MX_DMA_Init
                0x0000000008000dd8       0xa4 ./Core/Src/main.o
 .text.MX_GPIO_Init
                0x0000000008000e7c      0x11c ./Core/Src/main.o
 .text.Error_Handler
                0x0000000008000f98        0xa ./Core/Src/main.o
                0x0000000008000f98                Error_Handler
 *fill*         0x0000000008000fa2        0x2 
 .text.HAL_MspInit
                0x0000000008000fa4       0x48 ./Core/Src/stm32f7xx_hal_msp.o
                0x0000000008000fa4                HAL_MspInit
 .text.HAL_SPI_MspInit
                0x0000000008000fec      0x2b8 ./Core/Src/stm32f7xx_hal_msp.o
                0x0000000008000fec                HAL_SPI_MspInit
 .text.HAL_TIM_Base_MspInit
                0x00000000080012a4      0x268 ./Core/Src/stm32f7xx_hal_msp.o
                0x00000000080012a4                HAL_TIM_Base_MspInit
 .text.HAL_UART_MspInit
                0x000000000800150c      0x238 ./Core/Src/stm32f7xx_hal_msp.o
                0x000000000800150c                HAL_UART_MspInit
 .text.NMI_Handler
                0x0000000008001744        0x6 ./Core/Src/stm32f7xx_it.o
                0x0000000008001744                NMI_Handler
 .text.HardFault_Handler
                0x000000000800174a        0x6 ./Core/Src/stm32f7xx_it.o
                0x000000000800174a                HardFault_Handler
 .text.MemManage_Handler
                0x0000000008001750        0x6 ./Core/Src/stm32f7xx_it.o
                0x0000000008001750                MemManage_Handler
 .text.BusFault_Handler
                0x0000000008001756        0x6 ./Core/Src/stm32f7xx_it.o
                0x0000000008001756                BusFault_Handler
 .text.UsageFault_Handler
                0x000000000800175c        0x6 ./Core/Src/stm32f7xx_it.o
                0x000000000800175c                UsageFault_Handler
 .text.SVC_Handler
                0x0000000008001762        0xe ./Core/Src/stm32f7xx_it.o
                0x0000000008001762                SVC_Handler
 .text.DebugMon_Handler
                0x0000000008001770        0xe ./Core/Src/stm32f7xx_it.o
                0x0000000008001770                DebugMon_Handler
 .text.PendSV_Handler
                0x000000000800177e        0xe ./Core/Src/stm32f7xx_it.o
                0x000000000800177e                PendSV_Handler
 .text.SysTick_Handler
                0x000000000800178c        0xc ./Core/Src/stm32f7xx_it.o
                0x000000000800178c                SysTick_Handler
 .text.DMA1_Stream0_IRQHandler
                0x0000000008001798       0x14 ./Core/Src/stm32f7xx_it.o
                0x0000000008001798                DMA1_Stream0_IRQHandler
 .text.DMA1_Stream1_IRQHandler
                0x00000000080017ac       0x14 ./Core/Src/stm32f7xx_it.o
                0x00000000080017ac                DMA1_Stream1_IRQHandler
 .text.DMA1_Stream5_IRQHandler
                0x00000000080017c0       0x14 ./Core/Src/stm32f7xx_it.o
                0x00000000080017c0                DMA1_Stream5_IRQHandler
 .text.TIM1_UP_TIM10_IRQHandler
                0x00000000080017d4       0x14 ./Core/Src/stm32f7xx_it.o
                0x00000000080017d4                TIM1_UP_TIM10_IRQHandler
 .text.TIM1_TRG_COM_TIM11_IRQHandler
                0x00000000080017e8       0x14 ./Core/Src/stm32f7xx_it.o
                0x00000000080017e8                TIM1_TRG_COM_TIM11_IRQHandler
 .text.TIM2_IRQHandler
                0x00000000080017fc       0x14 ./Core/Src/stm32f7xx_it.o
                0x00000000080017fc                TIM2_IRQHandler
 .text.TIM3_IRQHandler
                0x0000000008001810       0x14 ./Core/Src/stm32f7xx_it.o
                0x0000000008001810                TIM3_IRQHandler
 .text.TIM4_IRQHandler
                0x0000000008001824       0x14 ./Core/Src/stm32f7xx_it.o
                0x0000000008001824                TIM4_IRQHandler
 .text.USART1_IRQHandler
                0x0000000008001838       0x14 ./Core/Src/stm32f7xx_it.o
                0x0000000008001838                USART1_IRQHandler
 .text.USART3_IRQHandler
                0x000000000800184c       0x14 ./Core/Src/stm32f7xx_it.o
                0x000000000800184c                USART3_IRQHandler
 .text.TIM8_BRK_TIM12_IRQHandler
                0x0000000008001860       0x14 ./Core/Src/stm32f7xx_it.o
                0x0000000008001860                TIM8_BRK_TIM12_IRQHandler
 .text.TIM8_UP_TIM13_IRQHandler
                0x0000000008001874       0x14 ./Core/Src/stm32f7xx_it.o
                0x0000000008001874                TIM8_UP_TIM13_IRQHandler
 .text.TIM8_TRG_COM_TIM14_IRQHandler
                0x0000000008001888       0x14 ./Core/Src/stm32f7xx_it.o
                0x0000000008001888                TIM8_TRG_COM_TIM14_IRQHandler
 .text.TIM5_IRQHandler
                0x000000000800189c       0x14 ./Core/Src/stm32f7xx_it.o
                0x000000000800189c                TIM5_IRQHandler
 .text.TIM7_IRQHandler
                0x00000000080018b0       0x14 ./Core/Src/stm32f7xx_it.o
                0x00000000080018b0                TIM7_IRQHandler
 .text.DMA2_Stream0_IRQHandler
                0x00000000080018c4       0x14 ./Core/Src/stm32f7xx_it.o
                0x00000000080018c4                DMA2_Stream0_IRQHandler
 .text.DMA2_Stream1_IRQHandler
                0x00000000080018d8       0x14 ./Core/Src/stm32f7xx_it.o
                0x00000000080018d8                DMA2_Stream1_IRQHandler
 .text.DMA2_Stream2_IRQHandler
                0x00000000080018ec       0x14 ./Core/Src/stm32f7xx_it.o
                0x00000000080018ec                DMA2_Stream2_IRQHandler
 .text.SystemInit
                0x0000000008001900       0x24 ./Core/Src/system_stm32f7xx.o
                0x0000000008001900                SystemInit
 .text.Reset_Handler
                0x0000000008001924       0x50 ./Core/Startup/startup_stm32f722vctx.o
                0x0000000008001924                Reset_Handler
 .text.Default_Handler
                0x0000000008001974        0x2 ./Core/Startup/startup_stm32f722vctx.o
                0x0000000008001974                RTC_Alarm_IRQHandler
                0x0000000008001974                EXTI2_IRQHandler
                0x0000000008001974                TIM8_CC_IRQHandler
                0x0000000008001974                UART8_IRQHandler
                0x0000000008001974                SPI4_IRQHandler
                0x0000000008001974                TIM1_CC_IRQHandler
                0x0000000008001974                DMA2_Stream5_IRQHandler
                0x0000000008001974                PVD_IRQHandler
                0x0000000008001974                TAMP_STAMP_IRQHandler
                0x0000000008001974                EXTI3_IRQHandler
                0x0000000008001974                I2C3_ER_IRQHandler
                0x0000000008001974                EXTI0_IRQHandler
                0x0000000008001974                I2C2_EV_IRQHandler
                0x0000000008001974                DMA1_Stream2_IRQHandler
                0x0000000008001974                CAN1_RX0_IRQHandler
                0x0000000008001974                FPU_IRQHandler
                0x0000000008001974                OTG_HS_WKUP_IRQHandler
                0x0000000008001974                SPI1_IRQHandler
                0x0000000008001974                TIM6_DAC_IRQHandler
                0x0000000008001974                TIM1_BRK_TIM9_IRQHandler
                0x0000000008001974                DMA2_Stream3_IRQHandler
                0x0000000008001974                SAI2_IRQHandler
                0x0000000008001974                USART6_IRQHandler
                0x0000000008001974                CAN1_RX1_IRQHandler
                0x0000000008001974                UART5_IRQHandler
                0x0000000008001974                QUADSPI_IRQHandler
                0x0000000008001974                I2C1_EV_IRQHandler
                0x0000000008001974                DMA1_Stream6_IRQHandler
                0x0000000008001974                UART4_IRQHandler
                0x0000000008001974                RCC_IRQHandler
                0x0000000008001974                Default_Handler
                0x0000000008001974                EXTI15_10_IRQHandler
                0x0000000008001974                ADC_IRQHandler
                0x0000000008001974                DMA1_Stream7_IRQHandler
                0x0000000008001974                SPI5_IRQHandler
                0x0000000008001974                SDMMC1_IRQHandler
                0x0000000008001974                DMA2_Stream7_IRQHandler
                0x0000000008001974                I2C3_EV_IRQHandler
                0x0000000008001974                EXTI9_5_IRQHandler
                0x0000000008001974                RTC_WKUP_IRQHandler
                0x0000000008001974                SPI2_IRQHandler
                0x0000000008001974                OTG_HS_EP1_IN_IRQHandler
                0x0000000008001974                CAN1_TX_IRQHandler
                0x0000000008001974                EXTI4_IRQHandler
                0x0000000008001974                RNG_IRQHandler
                0x0000000008001974                OTG_HS_EP1_OUT_IRQHandler
                0x0000000008001974                WWDG_IRQHandler
                0x0000000008001974                OTG_FS_WKUP_IRQHandler
                0x0000000008001974                OTG_HS_IRQHandler
                0x0000000008001974                EXTI1_IRQHandler
                0x0000000008001974                SDMMC2_IRQHandler
                0x0000000008001974                UART7_IRQHandler
                0x0000000008001974                USART2_IRQHandler
                0x0000000008001974                I2C2_ER_IRQHandler
                0x0000000008001974                CAN1_SCE_IRQHandler
                0x0000000008001974                FLASH_IRQHandler
                0x0000000008001974                DMA2_Stream4_IRQHandler
                0x0000000008001974                OTG_FS_IRQHandler
                0x0000000008001974                SPI3_IRQHandler
                0x0000000008001974                DMA1_Stream4_IRQHandler
                0x0000000008001974                I2C1_ER_IRQHandler
                0x0000000008001974                FMC_IRQHandler
                0x0000000008001974                LPTIM1_IRQHandler
                0x0000000008001974                DMA2_Stream6_IRQHandler
                0x0000000008001974                SAI1_IRQHandler
                0x0000000008001974                DMA1_Stream3_IRQHandler
 .text.checkCRC
                0x0000000008001976       0x10 ./Drivers/PC_Communication/PC_Communication.o
                0x0000000008001976                checkCRC
 .text.setErrorResponse
                0x0000000008001986        0xe ./Drivers/PC_Communication/PC_Communication.o
                0x0000000008001986                setErrorResponse
 .text.parserCMD
                0x0000000008001994       0x28 ./Drivers/PC_Communication/PC_Communication.o
                0x0000000008001994                parserCMD
 .text.HAL_Init
                0x00000000080019bc       0x1a ./Drivers/STM32F7xx_HAL_Driver/Src/stm32f7xx_hal.o
                0x00000000080019bc                HAL_Init
 *fill*         0x00000000080019d6        0x2 
 .text.HAL_InitTick
                0x00000000080019d8       0x60 ./Drivers/STM32F7xx_HAL_Driver/Src/stm32f7xx_hal.o
                0x00000000080019d8                HAL_InitTick
 .text.HAL_IncTick
                0x0000000008001a38       0x28 ./Drivers/STM32F7xx_HAL_Driver/Src/stm32f7xx_hal.o
                0x0000000008001a38                HAL_IncTick
 .text.HAL_GetTick
                0x0000000008001a60       0x18 ./Drivers/STM32F7xx_HAL_Driver/Src/stm32f7xx_hal.o
                0x0000000008001a60                HAL_GetTick
 .text.__NVIC_SetPriorityGrouping
                0x0000000008001a78       0x48 ./Drivers/STM32F7xx_HAL_Driver/Src/stm32f7xx_hal_cortex.o
 .text.__NVIC_GetPriorityGrouping
                0x0000000008001ac0       0x1c ./Drivers/STM32F7xx_HAL_Driver/Src/stm32f7xx_hal_cortex.o
 .text.__NVIC_EnableIRQ
                0x0000000008001adc       0x3c ./Drivers/STM32F7xx_HAL_Driver/Src/stm32f7xx_hal_cortex.o
 .text.__NVIC_SetPriority
                0x0000000008001b18       0x54 ./Drivers/STM32F7xx_HAL_Driver/Src/stm32f7xx_hal_cortex.o
 .text.NVIC_EncodePriority
                0x0000000008001b6c       0x66 ./Drivers/STM32F7xx_HAL_Driver/Src/stm32f7xx_hal_cortex.o
 *fill*         0x0000000008001bd2        0x2 
 .text.SysTick_Config
                0x0000000008001bd4       0x44 ./Drivers/STM32F7xx_HAL_Driver/Src/stm32f7xx_hal_cortex.o
 .text.HAL_NVIC_SetPriorityGrouping
                0x0000000008001c18       0x16 ./Drivers/STM32F7xx_HAL_Driver/Src/stm32f7xx_hal_cortex.o
                0x0000000008001c18                HAL_NVIC_SetPriorityGrouping
 .text.HAL_NVIC_SetPriority
                0x0000000008001c2e       0x38 ./Drivers/STM32F7xx_HAL_Driver/Src/stm32f7xx_hal_cortex.o
                0x0000000008001c2e                HAL_NVIC_SetPriority
 .text.HAL_NVIC_EnableIRQ
                0x0000000008001c66       0x1c ./Drivers/STM32F7xx_HAL_Driver/Src/stm32f7xx_hal_cortex.o
                0x0000000008001c66                HAL_NVIC_EnableIRQ
 .text.HAL_SYSTICK_Config
                0x0000000008001c82       0x18 ./Drivers/STM32F7xx_HAL_Driver/Src/stm32f7xx_hal_cortex.o
                0x0000000008001c82                HAL_SYSTICK_Config
 *fill*         0x0000000008001c9a        0x2 
 .text.HAL_DMA_Init
                0x0000000008001c9c      0x15c ./Drivers/STM32F7xx_HAL_Driver/Src/stm32f7xx_hal_dma.o
                0x0000000008001c9c                HAL_DMA_Init
 .text.HAL_DMA_Abort
                0x0000000008001df8       0xe0 ./Drivers/STM32F7xx_HAL_Driver/Src/stm32f7xx_hal_dma.o
                0x0000000008001df8                HAL_DMA_Abort
 .text.HAL_DMA_Abort_IT
                0x0000000008001ed8       0x44 ./Drivers/STM32F7xx_HAL_Driver/Src/stm32f7xx_hal_dma.o
                0x0000000008001ed8                HAL_DMA_Abort_IT
 .text.HAL_DMA_IRQHandler
                0x0000000008001f1c      0x314 ./Drivers/STM32F7xx_HAL_Driver/Src/stm32f7xx_hal_dma.o
                0x0000000008001f1c                HAL_DMA_IRQHandler
 .text.DMA_CalcBaseAndBitshift
                0x0000000008002230       0x6c ./Drivers/STM32F7xx_HAL_Driver/Src/stm32f7xx_hal_dma.o
 .text.DMA_CheckFifoParam
                0x000000000800229c       0xf8 ./Drivers/STM32F7xx_HAL_Driver/Src/stm32f7xx_hal_dma.o
 .text.HAL_GPIO_Init
                0x0000000008002394      0x338 ./Drivers/STM32F7xx_HAL_Driver/Src/stm32f7xx_hal_gpio.o
                0x0000000008002394                HAL_GPIO_Init
 .text.HAL_GPIO_WritePin
                0x00000000080026cc       0x32 ./Drivers/STM32F7xx_HAL_Driver/Src/stm32f7xx_hal_gpio.o
                0x00000000080026cc                HAL_GPIO_WritePin
 .text.HAL_IWDG_Init
                0x00000000080026fe       0xa2 ./Drivers/STM32F7xx_HAL_Driver/Src/stm32f7xx_hal_iwdg.o
                0x00000000080026fe                HAL_IWDG_Init
 .text.HAL_IWDG_Refresh
                0x00000000080027a0       0x20 ./Drivers/STM32F7xx_HAL_Driver/Src/stm32f7xx_hal_iwdg.o
                0x00000000080027a0                HAL_IWDG_Refresh
 .text.HAL_PWREx_EnableOverDrive
                0x00000000080027c0       0xa0 ./Drivers/STM32F7xx_HAL_Driver/Src/stm32f7xx_hal_pwr_ex.o
                0x00000000080027c0                HAL_PWREx_EnableOverDrive
 .text.HAL_RCC_OscConfig
                0x0000000008002860      0x548 ./Drivers/STM32F7xx_HAL_Driver/Src/stm32f7xx_hal_rcc.o
                0x0000000008002860                HAL_RCC_OscConfig
 .text.HAL_RCC_ClockConfig
                0x0000000008002da8      0x1d8 ./Drivers/STM32F7xx_HAL_Driver/Src/stm32f7xx_hal_rcc.o
                0x0000000008002da8                HAL_RCC_ClockConfig
 .text.HAL_RCC_GetSysClockFreq
                0x0000000008002f80      0x20c ./Drivers/STM32F7xx_HAL_Driver/Src/stm32f7xx_hal_rcc.o
                0x0000000008002f80                HAL_RCC_GetSysClockFreq
 .text.HAL_RCC_GetHCLKFreq
                0x000000000800318c       0x18 ./Drivers/STM32F7xx_HAL_Driver/Src/stm32f7xx_hal_rcc.o
                0x000000000800318c                HAL_RCC_GetHCLKFreq
 .text.HAL_RCC_GetPCLK1Freq
                0x00000000080031a4       0x28 ./Drivers/STM32F7xx_HAL_Driver/Src/stm32f7xx_hal_rcc.o
                0x00000000080031a4                HAL_RCC_GetPCLK1Freq
 .text.HAL_RCC_GetPCLK2Freq
                0x00000000080031cc       0x28 ./Drivers/STM32F7xx_HAL_Driver/Src/stm32f7xx_hal_rcc.o
                0x00000000080031cc                HAL_RCC_GetPCLK2Freq
 .text.HAL_RCCEx_PeriphCLKConfig
                0x00000000080031f4      0x694 ./Drivers/STM32F7xx_HAL_Driver/Src/stm32f7xx_hal_rcc_ex.o
                0x00000000080031f4                HAL_RCCEx_PeriphCLKConfig
 .text.HAL_SPI_Init
                0x0000000008003888      0x156 ./Drivers/STM32F7xx_HAL_Driver/Src/stm32f7xx_hal_spi.o
                0x0000000008003888                HAL_SPI_Init
 .text.HAL_TIM_Base_Init
                0x00000000080039de       0xae ./Drivers/STM32F7xx_HAL_Driver/Src/stm32f7xx_hal_tim.o
                0x00000000080039de                HAL_TIM_Base_Init
 .text.HAL_TIM_IRQHandler
                0x0000000008003a8c      0x20e ./Drivers/STM32F7xx_HAL_Driver/Src/stm32f7xx_hal_tim.o
                0x0000000008003a8c                HAL_TIM_IRQHandler
 *fill*         0x0000000008003c9a        0x2 
 .text.HAL_TIM_ConfigClockSource
                0x0000000008003c9c      0x194 ./Drivers/STM32F7xx_HAL_Driver/Src/stm32f7xx_hal_tim.o
                0x0000000008003c9c                HAL_TIM_ConfigClockSource
 .text.HAL_TIM_PeriodElapsedCallback
                0x0000000008003e30       0x14 ./Drivers/STM32F7xx_HAL_Driver/Src/stm32f7xx_hal_tim.o
                0x0000000008003e30                HAL_TIM_PeriodElapsedCallback
 .text.HAL_TIM_OC_DelayElapsedCallback
                0x0000000008003e44       0x14 ./Drivers/STM32F7xx_HAL_Driver/Src/stm32f7xx_hal_tim.o
                0x0000000008003e44                HAL_TIM_OC_DelayElapsedCallback
 .text.HAL_TIM_IC_CaptureCallback
                0x0000000008003e58       0x14 ./Drivers/STM32F7xx_HAL_Driver/Src/stm32f7xx_hal_tim.o
                0x0000000008003e58                HAL_TIM_IC_CaptureCallback
 .text.HAL_TIM_PWM_PulseFinishedCallback
                0x0000000008003e6c       0x14 ./Drivers/STM32F7xx_HAL_Driver/Src/stm32f7xx_hal_tim.o
                0x0000000008003e6c                HAL_TIM_PWM_PulseFinishedCallback
 .text.HAL_TIM_TriggerCallback
                0x0000000008003e80       0x14 ./Drivers/STM32F7xx_HAL_Driver/Src/stm32f7xx_hal_tim.o
                0x0000000008003e80                HAL_TIM_TriggerCallback
 .text.TIM_Base_SetConfig
                0x0000000008003e94      0x14c ./Drivers/STM32F7xx_HAL_Driver/Src/stm32f7xx_hal_tim.o
                0x0000000008003e94                TIM_Base_SetConfig
 .text.TIM_TI1_ConfigInputStage
                0x0000000008003fe0       0x5e ./Drivers/STM32F7xx_HAL_Driver/Src/stm32f7xx_hal_tim.o
 .text.TIM_TI2_ConfigInputStage
                0x000000000800403e       0x60 ./Drivers/STM32F7xx_HAL_Driver/Src/stm32f7xx_hal_tim.o
 .text.TIM_ITRx_SetConfig
                0x000000000800409e       0x36 ./Drivers/STM32F7xx_HAL_Driver/Src/stm32f7xx_hal_tim.o
 .text.TIM_ETR_SetConfig
                0x00000000080040d4       0x40 ./Drivers/STM32F7xx_HAL_Driver/Src/stm32f7xx_hal_tim.o
                0x00000000080040d4                TIM_ETR_SetConfig
 .text.HAL_TIMEx_MasterConfigSynchronization
                0x0000000008004114      0x11c ./Drivers/STM32F7xx_HAL_Driver/Src/stm32f7xx_hal_tim_ex.o
                0x0000000008004114                HAL_TIMEx_MasterConfigSynchronization
 .text.HAL_TIMEx_CommutCallback
                0x0000000008004230       0x14 ./Drivers/STM32F7xx_HAL_Driver/Src/stm32f7xx_hal_tim_ex.o
                0x0000000008004230                HAL_TIMEx_CommutCallback
 .text.HAL_TIMEx_BreakCallback
                0x0000000008004244       0x14 ./Drivers/STM32F7xx_HAL_Driver/Src/stm32f7xx_hal_tim_ex.o
                0x0000000008004244                HAL_TIMEx_BreakCallback
 .text.HAL_TIMEx_Break2Callback
                0x0000000008004258       0x14 ./Drivers/STM32F7xx_HAL_Driver/Src/stm32f7xx_hal_tim_ex.o
                0x0000000008004258                HAL_TIMEx_Break2Callback
 .text.HAL_UART_Init
                0x000000000800426c       0x9c ./Drivers/STM32F7xx_HAL_Driver/Src/stm32f7xx_hal_uart.o
                0x000000000800426c                HAL_UART_Init
 .text.HAL_UART_IRQHandler
                0x0000000008004308      0x5d8 ./Drivers/STM32F7xx_HAL_Driver/Src/stm32f7xx_hal_uart.o
                0x0000000008004308                HAL_UART_IRQHandler
 .text.HAL_UART_TxCpltCallback
                0x00000000080048e0       0x14 ./Drivers/STM32F7xx_HAL_Driver/Src/stm32f7xx_hal_uart.o
                0x00000000080048e0                HAL_UART_TxCpltCallback
 .text.HAL_UART_ErrorCallback
                0x00000000080048f4       0x14 ./Drivers/STM32F7xx_HAL_Driver/Src/stm32f7xx_hal_uart.o
                0x00000000080048f4                HAL_UART_ErrorCallback
 .text.HAL_UARTEx_RxEventCallback
                0x0000000008004908       0x18 ./Drivers/STM32F7xx_HAL_Driver/Src/stm32f7xx_hal_uart.o
                0x0000000008004908                HAL_UARTEx_RxEventCallback
 .text.UART_SetConfig
                0x0000000008004920      0x4c8 ./Drivers/STM32F7xx_HAL_Driver/Src/stm32f7xx_hal_uart.o
                0x0000000008004920                UART_SetConfig
 .text.UART_AdvFeatureConfig
                0x0000000008004de8      0x144 ./Drivers/STM32F7xx_HAL_Driver/Src/stm32f7xx_hal_uart.o
                0x0000000008004de8                UART_AdvFeatureConfig
 .text.UART_CheckIdleState
                0x0000000008004f2c       0xae ./Drivers/STM32F7xx_HAL_Driver/Src/stm32f7xx_hal_uart.o
                0x0000000008004f2c                UART_CheckIdleState
 .text.UART_WaitOnFlagUntilTimeout
                0x0000000008004fda       0xda ./Drivers/STM32F7xx_HAL_Driver/Src/stm32f7xx_hal_uart.o
                0x0000000008004fda                UART_WaitOnFlagUntilTimeout
 .text.UART_EndRxTransfer
                0x00000000080050b4       0xc8 ./Drivers/STM32F7xx_HAL_Driver/Src/stm32f7xx_hal_uart.o
 .text.UART_DMAAbortOnError
                0x000000000800517c       0x24 ./Drivers/STM32F7xx_HAL_Driver/Src/stm32f7xx_hal_uart.o
 .text.UART_EndTransmit_IT
                0x00000000080051a0       0x54 ./Drivers/STM32F7xx_HAL_Driver/Src/stm32f7xx_hal_uart.o
 .text.HAL_RS485Ex_Init
                0x00000000080051f4       0xd0 ./Drivers/STM32F7xx_HAL_Driver/Src/stm32f7xx_hal_uart_ex.o
                0x00000000080051f4                HAL_RS485Ex_Init
 .text.__libc_init_array
                0x00000000080052c4       0x48 c:/program files/stmicroelectronics/stm32cubeide_1.12.0/stm32cubeide/plugins/com.st.stm32cube.ide.mcu.externaltools.gnu-tools-for-stm32.10.3-2021.10.win32_1.0.200.202301161003/tools/bin/../lib/gcc/arm-none-eabi/10.3.1/../../../../arm-none-eabi/lib/thumb/v7e-m+fp/hard\libc_nano.a(lib_a-init.o)
                0x00000000080052c4                __libc_init_array
 .text.memset   0x000000000800530c       0x10 c:/program files/stmicroelectronics/stm32cubeide_1.12.0/stm32cubeide/plugins/com.st.stm32cube.ide.mcu.externaltools.gnu-tools-for-stm32.10.3-2021.10.win32_1.0.200.202301161003/tools/bin/../lib/gcc/arm-none-eabi/10.3.1/../../../../arm-none-eabi/lib/thumb/v7e-m+fp/hard\libc_nano.a(lib_a-memset.o)
                0x000000000800530c                memset
 *(.glue_7)
 .glue_7        0x000000000800531c        0x0 linker stubs
 *(.glue_7t)
 .glue_7t       0x000000000800531c        0x0 linker stubs
 *(.eh_frame)
 .eh_frame      0x000000000800531c        0x0 c:/program files/stmicroelectronics/stm32cubeide_1.12.0/stm32cubeide/plugins/com.st.stm32cube.ide.mcu.externaltools.gnu-tools-for-stm32.10.3-2021.10.win32_1.0.200.202301161003/tools/bin/../lib/gcc/arm-none-eabi/10.3.1/thumb/v7e-m+fp/hard/crtbegin.o
 *(.init)
 .init          0x000000000800531c        0x4 c:/program files/stmicroelectronics/stm32cubeide_1.12.0/stm32cubeide/plugins/com.st.stm32cube.ide.mcu.externaltools.gnu-tools-for-stm32.10.3-2021.10.win32_1.0.200.202301161003/tools/bin/../lib/gcc/arm-none-eabi/10.3.1/thumb/v7e-m+fp/hard/crti.o
                0x000000000800531c                _init
 .init          0x0000000008005320        0x8 c:/program files/stmicroelectronics/stm32cubeide_1.12.0/stm32cubeide/plugins/com.st.stm32cube.ide.mcu.externaltools.gnu-tools-for-stm32.10.3-2021.10.win32_1.0.200.202301161003/tools/bin/../lib/gcc/arm-none-eabi/10.3.1/thumb/v7e-m+fp/hard/crtn.o
 *(.fini)
 .fini          0x0000000008005328        0x4 c:/program files/stmicroelectronics/stm32cubeide_1.12.0/stm32cubeide/plugins/com.st.stm32cube.ide.mcu.externaltools.gnu-tools-for-stm32.10.3-2021.10.win32_1.0.200.202301161003/tools/bin/../lib/gcc/arm-none-eabi/10.3.1/thumb/v7e-m+fp/hard/crti.o
                0x0000000008005328                _fini
 .fini          0x000000000800532c        0x8 c:/program files/stmicroelectronics/stm32cubeide_1.12.0/stm32cubeide/plugins/com.st.stm32cube.ide.mcu.externaltools.gnu-tools-for-stm32.10.3-2021.10.win32_1.0.200.202301161003/tools/bin/../lib/gcc/arm-none-eabi/10.3.1/thumb/v7e-m+fp/hard/crtn.o
                0x0000000008005334                . = ALIGN (0x4)
                0x0000000008005334                _etext = .

.vfp11_veneer   0x0000000008005334        0x0
 .vfp11_veneer  0x0000000008005334        0x0 linker stubs

.v4_bx          0x0000000008005334        0x0
 .v4_bx         0x0000000008005334        0x0 linker stubs

.iplt           0x0000000008005334        0x0
 .iplt          0x0000000008005334        0x0 c:/program files/stmicroelectronics/stm32cubeide_1.12.0/stm32cubeide/plugins/com.st.stm32cube.ide.mcu.externaltools.gnu-tools-for-stm32.10.3-2021.10.win32_1.0.200.202301161003/tools/bin/../lib/gcc/arm-none-eabi/10.3.1/thumb/v7e-m+fp/hard/crtbegin.o

.rodata         0x0000000008005334       0x20
                0x0000000008005334                . = ALIGN (0x4)
 *(.rodata)
 *(.rodata*)
 .rodata.AHBPrescTable
                0x0000000008005334       0x10 ./Core/Src/system_stm32f7xx.o
                0x0000000008005334                AHBPrescTable
 .rodata.APBPrescTable
                0x0000000008005344        0x8 ./Core/Src/system_stm32f7xx.o
                0x0000000008005344                APBPrescTable
 .rodata.flagBitshiftOffset.0
                0x000000000800534c        0x8 ./Drivers/STM32F7xx_HAL_Driver/Src/stm32f7xx_hal_dma.o
                0x0000000008005354                . = ALIGN (0x4)

.ARM.extab      0x0000000008005354        0x0
                0x0000000008005354                . = ALIGN (0x4)
 *(.ARM.extab* .gnu.linkonce.armextab.*)
                0x0000000008005354                . = ALIGN (0x4)

.ARM            0x0000000008005354        0x8
                0x0000000008005354                . = ALIGN (0x4)
                0x0000000008005354                __exidx_start = .
 *(.ARM.exidx*)
 .ARM.exidx     0x0000000008005354        0x8 c:/program files/stmicroelectronics/stm32cubeide_1.12.0/stm32cubeide/plugins/com.st.stm32cube.ide.mcu.externaltools.gnu-tools-for-stm32.10.3-2021.10.win32_1.0.200.202301161003/tools/bin/../lib/gcc/arm-none-eabi/10.3.1/thumb/v7e-m+fp/hard\libgcc.a(_udivmoddi4.o)
                0x000000000800535c                __exidx_end = .
                0x000000000800535c                . = ALIGN (0x4)

.rel.dyn        0x000000000800535c        0x0
 .rel.iplt      0x000000000800535c        0x0 c:/program files/stmicroelectronics/stm32cubeide_1.12.0/stm32cubeide/plugins/com.st.stm32cube.ide.mcu.externaltools.gnu-tools-for-stm32.10.3-2021.10.win32_1.0.200.202301161003/tools/bin/../lib/gcc/arm-none-eabi/10.3.1/thumb/v7e-m+fp/hard/crtbegin.o

.preinit_array  0x000000000800535c        0x0
                0x000000000800535c                . = ALIGN (0x4)
                0x000000000800535c                PROVIDE (__preinit_array_start = .)
 *(.preinit_array*)
                0x000000000800535c                PROVIDE (__preinit_array_end = .)
                0x000000000800535c                . = ALIGN (0x4)

.init_array     0x000000000800535c        0x4
                0x000000000800535c                . = ALIGN (0x4)
                0x000000000800535c                PROVIDE (__init_array_start = .)
 *(SORT_BY_NAME(.init_array.*))
 *(.init_array*)
 .init_array    0x000000000800535c        0x4 c:/program files/stmicroelectronics/stm32cubeide_1.12.0/stm32cubeide/plugins/com.st.stm32cube.ide.mcu.externaltools.gnu-tools-for-stm32.10.3-2021.10.win32_1.0.200.202301161003/tools/bin/../lib/gcc/arm-none-eabi/10.3.1/thumb/v7e-m+fp/hard/crtbegin.o
                0x0000000008005360                PROVIDE (__init_array_end = .)
                0x0000000008005360                . = ALIGN (0x4)

.fini_array     0x0000000008005360        0x4
                0x0000000008005360                . = ALIGN (0x4)
                [!provide]                        PROVIDE (__fini_array_start = .)
 *(SORT_BY_NAME(.fini_array.*))
 *(.fini_array*)
 .fini_array    0x0000000008005360        0x4 c:/program files/stmicroelectronics/stm32cubeide_1.12.0/stm32cubeide/plugins/com.st.stm32cube.ide.mcu.externaltools.gnu-tools-for-stm32.10.3-2021.10.win32_1.0.200.202301161003/tools/bin/../lib/gcc/arm-none-eabi/10.3.1/thumb/v7e-m+fp/hard/crtbegin.o
                [!provide]                        PROVIDE (__fini_array_end = .)
                0x0000000008005364                . = ALIGN (0x4)
                0x0000000008005364                _sidata = LOADADDR (.data)

.data           0x0000000020000000        0xc load address 0x0000000008005364
                0x0000000020000000                . = ALIGN (0x4)
                0x0000000020000000                _sdata = .
 *(.data)
 *(.data*)
 .data.SystemCoreClock
                0x0000000020000000        0x4 ./Core/Src/system_stm32f7xx.o
                0x0000000020000000                SystemCoreClock
 .data.uwTickPrio
                0x0000000020000004        0x4 ./Drivers/STM32F7xx_HAL_Driver/Src/stm32f7xx_hal.o
                0x0000000020000004                uwTickPrio
 .data.uwTickFreq
                0x0000000020000008        0x1 ./Drivers/STM32F7xx_HAL_Driver/Src/stm32f7xx_hal.o
                0x0000000020000008                uwTickFreq
 *(.RamFunc)
 *(.RamFunc*)
                0x000000002000000c                . = ALIGN (0x4)
 *fill*         0x0000000020000009        0x3 
                0x000000002000000c                _edata = .

.igot.plt       0x000000002000000c        0x0 load address 0x0000000008005370
 .igot.plt      0x000000002000000c        0x0 c:/program files/stmicroelectronics/stm32cubeide_1.12.0/stm32cubeide/plugins/com.st.stm32cube.ide.mcu.externaltools.gnu-tools-for-stm32.10.3-2021.10.win32_1.0.200.202301161003/tools/bin/../lib/gcc/arm-none-eabi/10.3.1/thumb/v7e-m+fp/hard/crtbegin.o
                0x000000002000000c                . = ALIGN (0x4)

.bss            0x000000002000000c      0x794 load address 0x0000000008005370
                0x000000002000000c                _sbss = .
                0x000000002000000c                __bss_start__ = _sbss
 *(.bss)
 .bss           0x000000002000000c       0x1c c:/program files/stmicroelectronics/stm32cubeide_1.12.0/stm32cubeide/plugins/com.st.stm32cube.ide.mcu.externaltools.gnu-tools-for-stm32.10.3-2021.10.win32_1.0.200.202301161003/tools/bin/../lib/gcc/arm-none-eabi/10.3.1/thumb/v7e-m+fp/hard/crtbegin.o
 *(.bss*)
 .bss.uart1_rx_complete
                0x0000000020000028        0x1 ./Core/Src/Common.o
                0x0000000020000028                uart1_rx_complete
 .bss.uart3_rx_complete
                0x0000000020000029        0x1 ./Core/Src/Common.o
                0x0000000020000029                uart3_rx_complete
 .bss.spi3_rx_complete
                0x000000002000002a        0x1 ./Core/Src/Common.o
                0x000000002000002a                spi3_rx_complete
 .bss.spi4_rx_complete
                0x000000002000002b        0x1 ./Core/Src/Common.o
                0x000000002000002b                spi4_rx_complete
 .bss.curStateGlobal
                0x000000002000002c        0x1 ./Core/Src/FSMGonio.o
                0x000000002000002c                curStateGlobal
 *fill*         0x000000002000002d        0x3 
 .bss.hiwdg     0x0000000020000030       0x10 ./Core/Src/main.o
                0x0000000020000030                hiwdg
 .bss.hspi3     0x0000000020000040       0x64 ./Core/Src/main.o
                0x0000000020000040                hspi3
 .bss.hspi4     0x00000000200000a4       0x64 ./Core/Src/main.o
                0x00000000200000a4                hspi4
 .bss.hdma_spi3_rx
                0x0000000020000108       0x60 ./Core/Src/main.o
                0x0000000020000108                hdma_spi3_rx
 .bss.hdma_spi3_tx
                0x0000000020000168       0x60 ./Core/Src/main.o
                0x0000000020000168                hdma_spi3_tx
 .bss.hdma_spi4_rx
                0x00000000200001c8       0x60 ./Core/Src/main.o
                0x00000000200001c8                hdma_spi4_rx
 .bss.hdma_spi4_tx
                0x0000000020000228       0x60 ./Core/Src/main.o
                0x0000000020000228                hdma_spi4_tx
 .bss.htim2     0x0000000020000288       0x4c ./Core/Src/main.o
                0x0000000020000288                htim2
 .bss.htim3     0x00000000200002d4       0x4c ./Core/Src/main.o
                0x00000000200002d4                htim3
 .bss.htim4     0x0000000020000320       0x4c ./Core/Src/main.o
                0x0000000020000320                htim4
 .bss.htim5     0x000000002000036c       0x4c ./Core/Src/main.o
                0x000000002000036c                htim5
 .bss.htim6     0x00000000200003b8       0x4c ./Core/Src/main.o
                0x00000000200003b8                htim6
 .bss.htim7     0x0000000020000404       0x4c ./Core/Src/main.o
                0x0000000020000404                htim7
 .bss.htim10    0x0000000020000450       0x4c ./Core/Src/main.o
                0x0000000020000450                htim10
 .bss.htim11    0x000000002000049c       0x4c ./Core/Src/main.o
                0x000000002000049c                htim11
 .bss.htim12    0x00000000200004e8       0x4c ./Core/Src/main.o
                0x00000000200004e8                htim12
 .bss.htim13    0x0000000020000534       0x4c ./Core/Src/main.o
                0x0000000020000534                htim13
 .bss.htim14    0x0000000020000580       0x4c ./Core/Src/main.o
                0x0000000020000580                htim14
 .bss.huart1    0x00000000200005cc       0x88 ./Core/Src/main.o
                0x00000000200005cc                huart1
 .bss.huart3    0x0000000020000654       0x88 ./Core/Src/main.o
                0x0000000020000654                huart3
 .bss.hdma_usart1_rx
                0x00000000200006dc       0x60 ./Core/Src/main.o
                0x00000000200006dc                hdma_usart1_rx
 .bss.hdma_usart3_rx
                0x000000002000073c       0x60 ./Core/Src/main.o
                0x000000002000073c                hdma_usart3_rx
 .bss.uwTick    0x000000002000079c        0x4 ./Drivers/STM32F7xx_HAL_Driver/Src/stm32f7xx_hal.o
                0x000000002000079c                uwTick
 *(COMMON)
                0x00000000200007a0                . = ALIGN (0x4)
                0x00000000200007a0                _ebss = .
                0x00000000200007a0                __bss_end__ = _ebss

._user_heap_stack
                0x00000000200007a0      0x600 load address 0x0000000008005370
                0x00000000200007a0                . = ALIGN (0x8)
                [!provide]                        PROVIDE (end = .)
                0x00000000200007a0                PROVIDE (_end = .)
                0x00000000200009a0                . = (. + _Min_Heap_Size)
 *fill*         0x00000000200007a0      0x200 
                0x0000000020000da0                . = (. + _Min_Stack_Size)
 *fill*         0x00000000200009a0      0x400 
                0x0000000020000da0                . = ALIGN (0x8)

/DISCARD/
 libc.a(*)
 libm.a(*)
 libgcc.a(*)

.ARM.attributes
                0x0000000000000000       0x30
 *(.ARM.attributes)
 .ARM.attributes
                0x0000000000000000       0x1e c:/program files/stmicroelectronics/stm32cubeide_1.12.0/stm32cubeide/plugins/com.st.stm32cube.ide.mcu.externaltools.gnu-tools-for-stm32.10.3-2021.10.win32_1.0.200.202301161003/tools/bin/../lib/gcc/arm-none-eabi/10.3.1/thumb/v7e-m+fp/hard/crti.o
 .ARM.attributes
                0x000000000000001e       0x34 c:/program files/stmicroelectronics/stm32cubeide_1.12.0/stm32cubeide/plugins/com.st.stm32cube.ide.mcu.externaltools.gnu-tools-for-stm32.10.3-2021.10.win32_1.0.200.202301161003/tools/bin/../lib/gcc/arm-none-eabi/10.3.1/thumb/v7e-m+fp/hard/crtbegin.o
 .ARM.attributes
                0x0000000000000052       0x34 ./Core/Src/Common.o
 .ARM.attributes
                0x0000000000000086       0x34 ./Core/Src/FSMGonio.o
 .ARM.attributes
                0x00000000000000ba       0x34 ./Core/Src/main.o
 .ARM.attributes
                0x00000000000000ee       0x34 ./Core/Src/stm32f7xx_hal_msp.o
 .ARM.attributes
                0x0000000000000122       0x34 ./Core/Src/stm32f7xx_it.o
 .ARM.attributes
                0x0000000000000156       0x34 ./Core/Src/system_stm32f7xx.o
 .ARM.attributes
                0x000000000000018a       0x21 ./Core/Startup/startup_stm32f722vctx.o
 .ARM.attributes
                0x00000000000001ab       0x34 ./Drivers/PC_Communication/PC_Communication.o
 .ARM.attributes
                0x00000000000001df       0x34 ./Drivers/STM32F7xx_HAL_Driver/Src/stm32f7xx_hal.o
 .ARM.attributes
                0x0000000000000213       0x34 ./Drivers/STM32F7xx_HAL_Driver/Src/stm32f7xx_hal_cortex.o
 .ARM.attributes
                0x0000000000000247       0x34 ./Drivers/STM32F7xx_HAL_Driver/Src/stm32f7xx_hal_dma.o
 .ARM.attributes
                0x000000000000027b       0x34 ./Drivers/STM32F7xx_HAL_Driver/Src/stm32f7xx_hal_gpio.o
 .ARM.attributes
                0x00000000000002af       0x34 ./Drivers/STM32F7xx_HAL_Driver/Src/stm32f7xx_hal_iwdg.o
 .ARM.attributes
                0x00000000000002e3       0x34 ./Drivers/STM32F7xx_HAL_Driver/Src/stm32f7xx_hal_pwr_ex.o
 .ARM.attributes
                0x0000000000000317       0x34 ./Drivers/STM32F7xx_HAL_Driver/Src/stm32f7xx_hal_rcc.o
 .ARM.attributes
                0x000000000000034b       0x34 ./Drivers/STM32F7xx_HAL_Driver/Src/stm32f7xx_hal_rcc_ex.o
 .ARM.attributes
                0x000000000000037f       0x34 ./Drivers/STM32F7xx_HAL_Driver/Src/stm32f7xx_hal_spi.o
 .ARM.attributes
                0x00000000000003b3       0x34 ./Drivers/STM32F7xx_HAL_Driver/Src/stm32f7xx_hal_tim.o
 .ARM.attributes
                0x00000000000003e7       0x34 ./Drivers/STM32F7xx_HAL_Driver/Src/stm32f7xx_hal_tim_ex.o
 .ARM.attributes
                0x000000000000041b       0x34 ./Drivers/STM32F7xx_HAL_Driver/Src/stm32f7xx_hal_uart.o
 .ARM.attributes
                0x000000000000044f       0x34 ./Drivers/STM32F7xx_HAL_Driver/Src/stm32f7xx_hal_uart_ex.o
 .ARM.attributes
                0x0000000000000483       0x34 c:/program files/stmicroelectronics/stm32cubeide_1.12.0/stm32cubeide/plugins/com.st.stm32cube.ide.mcu.externaltools.gnu-tools-for-stm32.10.3-2021.10.win32_1.0.200.202301161003/tools/bin/../lib/gcc/arm-none-eabi/10.3.1/../../../../arm-none-eabi/lib/thumb/v7e-m+fp/hard\libc_nano.a(lib_a-init.o)
 .ARM.attributes
                0x00000000000004b7       0x34 c:/program files/stmicroelectronics/stm32cubeide_1.12.0/stm32cubeide/plugins/com.st.stm32cube.ide.mcu.externaltools.gnu-tools-for-stm32.10.3-2021.10.win32_1.0.200.202301161003/tools/bin/../lib/gcc/arm-none-eabi/10.3.1/../../../../arm-none-eabi/lib/thumb/v7e-m+fp/hard\libc_nano.a(lib_a-memset.o)
 .ARM.attributes
                0x00000000000004eb       0x1e c:/program files/stmicroelectronics/stm32cubeide_1.12.0/stm32cubeide/plugins/com.st.stm32cube.ide.mcu.externaltools.gnu-tools-for-stm32.10.3-2021.10.win32_1.0.200.202301161003/tools/bin/../lib/gcc/arm-none-eabi/10.3.1/thumb/v7e-m+fp/hard\libgcc.a(_aeabi_uldivmod.o)
 .ARM.attributes
                0x0000000000000509       0x34 c:/program files/stmicroelectronics/stm32cubeide_1.12.0/stm32cubeide/plugins/com.st.stm32cube.ide.mcu.externaltools.gnu-tools-for-stm32.10.3-2021.10.win32_1.0.200.202301161003/tools/bin/../lib/gcc/arm-none-eabi/10.3.1/thumb/v7e-m+fp/hard\libgcc.a(_udivmoddi4.o)
 .ARM.attributes
                0x000000000000053d       0x1e c:/program files/stmicroelectronics/stm32cubeide_1.12.0/stm32cubeide/plugins/com.st.stm32cube.ide.mcu.externaltools.gnu-tools-for-stm32.10.3-2021.10.win32_1.0.200.202301161003/tools/bin/../lib/gcc/arm-none-eabi/10.3.1/thumb/v7e-m+fp/hard\libgcc.a(_dvmd_tls.o)
 .ARM.attributes
                0x000000000000055b       0x1e c:/program files/stmicroelectronics/stm32cubeide_1.12.0/stm32cubeide/plugins/com.st.stm32cube.ide.mcu.externaltools.gnu-tools-for-stm32.10.3-2021.10.win32_1.0.200.202301161003/tools/bin/../lib/gcc/arm-none-eabi/10.3.1/thumb/v7e-m+fp/hard/crtn.o
OUTPUT(goniofotometer_new.elf elf32-littlearm)
LOAD linker stubs
LOAD c:/program files/stmicroelectronics/stm32cubeide_1.12.0/stm32cubeide/plugins/com.st.stm32cube.ide.mcu.externaltools.gnu-tools-for-stm32.10.3-2021.10.win32_1.0.200.202301161003/tools/bin/../lib/gcc/arm-none-eabi/10.3.1/../../../../arm-none-eabi/lib/thumb/v7e-m+fp/hard\libc.a
LOAD c:/program files/stmicroelectronics/stm32cubeide_1.12.0/stm32cubeide/plugins/com.st.stm32cube.ide.mcu.externaltools.gnu-tools-for-stm32.10.3-2021.10.win32_1.0.200.202301161003/tools/bin/../lib/gcc/arm-none-eabi/10.3.1/../../../../arm-none-eabi/lib/thumb/v7e-m+fp/hard\libm.a
LOAD c:/program files/stmicroelectronics/stm32cubeide_1.12.0/stm32cubeide/plugins/com.st.stm32cube.ide.mcu.externaltools.gnu-tools-for-stm32.10.3-2021.10.win32_1.0.200.202301161003/tools/bin/../lib/gcc/arm-none-eabi/10.3.1/thumb/v7e-m+fp/hard\libgcc.a

.debug_info     0x0000000000000000    0x13d70
 .debug_info    0x0000000000000000       0xde ./Core/Src/Common.o
 .debug_info    0x00000000000000de      0x178 ./Core/Src/FSMGonio.o
 .debug_info    0x0000000000000256     0x1c89 ./Core/Src/main.o
 .debug_info    0x0000000000001edf     0x1924 ./Core/Src/stm32f7xx_hal_msp.o
 .debug_info    0x0000000000003803      0xd37 ./Core/Src/stm32f7xx_it.o
 .debug_info    0x000000000000453a      0x72c ./Core/Src/system_stm32f7xx.o
 .debug_info    0x0000000000004c66       0x22 ./Core/Startup/startup_stm32f722vctx.o
 .debug_info    0x0000000000004c88      0x6ed ./Drivers/PC_Communication/PC_Communication.o
 .debug_info    0x0000000000005375      0x9c4 ./Drivers/STM32F7xx_HAL_Driver/Src/stm32f7xx_hal.o
 .debug_info    0x0000000000005d39     0x1047 ./Drivers/STM32F7xx_HAL_Driver/Src/stm32f7xx_hal_cortex.o
 .debug_info    0x0000000000006d80      0x94f ./Drivers/STM32F7xx_HAL_Driver/Src/stm32f7xx_hal_dma.o
 .debug_info    0x00000000000076cf      0x794 ./Drivers/STM32F7xx_HAL_Driver/Src/stm32f7xx_hal_gpio.o
 .debug_info    0x0000000000007e63      0x208 ./Drivers/STM32F7xx_HAL_Driver/Src/stm32f7xx_hal_iwdg.o
 .debug_info    0x000000000000806b      0x92e ./Drivers/STM32F7xx_HAL_Driver/Src/stm32f7xx_hal_pwr_ex.o
 .debug_info    0x0000000000008999      0x9c0 ./Drivers/STM32F7xx_HAL_Driver/Src/stm32f7xx_hal_rcc.o
 .debug_info    0x0000000000009359      0x74f ./Drivers/STM32F7xx_HAL_Driver/Src/stm32f7xx_hal_rcc_ex.o
 .debug_info    0x0000000000009aa8     0x170e ./Drivers/STM32F7xx_HAL_Driver/Src/stm32f7xx_hal_spi.o
 .debug_info    0x000000000000b1b6     0x2d47 ./Drivers/STM32F7xx_HAL_Driver/Src/stm32f7xx_hal_tim.o
 .debug_info    0x000000000000defd     0x16f5 ./Drivers/STM32F7xx_HAL_Driver/Src/stm32f7xx_hal_tim_ex.o
 .debug_info    0x000000000000f5f2     0x3c95 ./Drivers/STM32F7xx_HAL_Driver/Src/stm32f7xx_hal_uart.o
 .debug_info    0x0000000000013287      0xae9 ./Drivers/STM32F7xx_HAL_Driver/Src/stm32f7xx_hal_uart_ex.o

.debug_abbrev   0x0000000000000000     0x2777
 .debug_abbrev  0x0000000000000000       0x4b ./Core/Src/Common.o
 .debug_abbrev  0x000000000000004b       0xfb ./Core/Src/FSMGonio.o
 .debug_abbrev  0x0000000000000146      0x2d5 ./Core/Src/main.o
 .debug_abbrev  0x000000000000041b      0x247 ./Core/Src/stm32f7xx_hal_msp.o
 .debug_abbrev  0x0000000000000662      0x1a5 ./Core/Src/stm32f7xx_it.o
 .debug_abbrev  0x0000000000000807      0x136 ./Core/Src/system_stm32f7xx.o
 .debug_abbrev  0x000000000000093d       0x12 ./Core/Startup/startup_stm32f722vctx.o
 .debug_abbrev  0x000000000000094f      0x172 ./Drivers/PC_Communication/PC_Communication.o
 .debug_abbrev  0x0000000000000ac1      0x20d ./Drivers/STM32F7xx_HAL_Driver/Src/stm32f7xx_hal.o
 .debug_abbrev  0x0000000000000cce      0x30d ./Drivers/STM32F7xx_HAL_Driver/Src/stm32f7xx_hal_cortex.o
 .debug_abbrev  0x0000000000000fdb      0x25b ./Drivers/STM32F7xx_HAL_Driver/Src/stm32f7xx_hal_dma.o
 .debug_abbrev  0x0000000000001236      0x1c4 ./Drivers/STM32F7xx_HAL_Driver/Src/stm32f7xx_hal_gpio.o
 .debug_abbrev  0x00000000000013fa      0x14a ./Drivers/STM32F7xx_HAL_Driver/Src/stm32f7xx_hal_iwdg.o
 .debug_abbrev  0x0000000000001544      0x1cb ./Drivers/STM32F7xx_HAL_Driver/Src/stm32f7xx_hal_pwr_ex.o
 .debug_abbrev  0x000000000000170f      0x27b ./Drivers/STM32F7xx_HAL_Driver/Src/stm32f7xx_hal_rcc.o
 .debug_abbrev  0x000000000000198a      0x197 ./Drivers/STM32F7xx_HAL_Driver/Src/stm32f7xx_hal_rcc_ex.o
 .debug_abbrev  0x0000000000001b21      0x24c ./Drivers/STM32F7xx_HAL_Driver/Src/stm32f7xx_hal_spi.o
 .debug_abbrev  0x0000000000001d6d      0x264 ./Drivers/STM32F7xx_HAL_Driver/Src/stm32f7xx_hal_tim.o
 .debug_abbrev  0x0000000000001fd1      0x26c ./Drivers/STM32F7xx_HAL_Driver/Src/stm32f7xx_hal_tim_ex.o
 .debug_abbrev  0x000000000000223d      0x2ce ./Drivers/STM32F7xx_HAL_Driver/Src/stm32f7xx_hal_uart.o
 .debug_abbrev  0x000000000000250b      0x26c ./Drivers/STM32F7xx_HAL_Driver/Src/stm32f7xx_hal_uart_ex.o

.debug_aranges  0x0000000000000000     0x10f8
 .debug_aranges
                0x0000000000000000       0x18 ./Core/Src/Common.o
 .debug_aranges
                0x0000000000000018       0x28 ./Core/Src/FSMGonio.o
 .debug_aranges
                0x0000000000000040       0xc8 ./Core/Src/main.o
 .debug_aranges
                0x0000000000000108       0x50 ./Core/Src/stm32f7xx_hal_msp.o
 .debug_aranges
                0x0000000000000158       0xf0 ./Core/Src/stm32f7xx_it.o
 .debug_aranges
                0x0000000000000248       0x28 ./Core/Src/system_stm32f7xx.o
 .debug_aranges
                0x0000000000000270       0x28 ./Core/Startup/startup_stm32f722vctx.o
 .debug_aranges
                0x0000000000000298       0x30 ./Drivers/PC_Communication/PC_Communication.o
 .debug_aranges
                0x00000000000002c8      0x100 ./Drivers/STM32F7xx_HAL_Driver/Src/stm32f7xx_hal.o
 .debug_aranges
                0x00000000000003c8      0x128 ./Drivers/STM32F7xx_HAL_Driver/Src/stm32f7xx_hal_cortex.o
 .debug_aranges
                0x00000000000004f0       0x90 ./Drivers/STM32F7xx_HAL_Driver/Src/stm32f7xx_hal_dma.o
 .debug_aranges
                0x0000000000000580       0x58 ./Drivers/STM32F7xx_HAL_Driver/Src/stm32f7xx_hal_gpio.o
 .debug_aranges
                0x00000000000005d8       0x28 ./Drivers/STM32F7xx_HAL_Driver/Src/stm32f7xx_hal_iwdg.o
 .debug_aranges
                0x0000000000000600       0x80 ./Drivers/STM32F7xx_HAL_Driver/Src/stm32f7xx_hal_pwr_ex.o
 .debug_aranges
                0x0000000000000680       0x88 ./Drivers/STM32F7xx_HAL_Driver/Src/stm32f7xx_hal_rcc.o
 .debug_aranges
                0x0000000000000708       0x50 ./Drivers/STM32F7xx_HAL_Driver/Src/stm32f7xx_hal_rcc_ex.o
 .debug_aranges
                0x0000000000000758      0x1d8 ./Drivers/STM32F7xx_HAL_Driver/Src/stm32f7xx_hal_spi.o
 .debug_aranges
                0x0000000000000930      0x3e0 ./Drivers/STM32F7xx_HAL_Driver/Src/stm32f7xx_hal_tim.o
 .debug_aranges
                0x0000000000000d10      0x178 ./Drivers/STM32F7xx_HAL_Driver/Src/stm32f7xx_hal_tim_ex.o
 .debug_aranges
                0x0000000000000e88      0x228 ./Drivers/STM32F7xx_HAL_Driver/Src/stm32f7xx_hal_uart.o
 .debug_aranges
                0x00000000000010b0       0x48 ./Drivers/STM32F7xx_HAL_Driver/Src/stm32f7xx_hal_uart_ex.o

.debug_macro    0x0000000000000000    0x22bfa
 .debug_macro   0x0000000000000000      0x214 ./Core/Src/Common.o
 .debug_macro   0x0000000000000214      0xa78 ./Core/Src/Common.o
 .debug_macro   0x0000000000000c8c       0x22 ./Core/Src/Common.o
 .debug_macro   0x0000000000000cae       0x22 ./Core/Src/Common.o
 .debug_macro   0x0000000000000cd0       0x8e ./Core/Src/Common.o
 .debug_macro   0x0000000000000d5e       0x51 ./Core/Src/Common.o
 .debug_macro   0x0000000000000daf      0x103 ./Core/Src/Common.o
 .debug_macro   0x0000000000000eb2       0x6a ./Core/Src/Common.o
 .debug_macro   0x0000000000000f1c      0x1df ./Core/Src/Common.o
 .debug_macro   0x00000000000010fb      0x29f ./Core/Src/Common.o
 .debug_macro   0x000000000000139a       0x2e ./Core/Src/Common.o
 .debug_macro   0x00000000000013c8       0x3b ./Core/Src/Common.o
 .debug_macro   0x0000000000001403       0x1c ./Core/Src/Common.o
 .debug_macro   0x000000000000141f       0x22 ./Core/Src/Common.o
 .debug_macro   0x0000000000001441       0xd9 ./Core/Src/Common.o
 .debug_macro   0x000000000000151a     0x12cd ./Core/Src/Common.o
 .debug_macro   0x00000000000027e7      0x11f ./Core/Src/Common.o
 .debug_macro   0x0000000000002906       0x19 ./Core/Src/Common.o
 .debug_macro   0x000000000000291f    0x15c67 ./Core/Src/Common.o
 .debug_macro   0x0000000000018586       0x6d ./Core/Src/Common.o
 .debug_macro   0x00000000000185f3     0x375e ./Core/Src/Common.o
 .debug_macro   0x000000000001bd51      0x174 ./Core/Src/Common.o
 .debug_macro   0x000000000001bec5       0x63 ./Core/Src/Common.o
 .debug_macro   0x000000000001bf28     0x155e ./Core/Src/Common.o
 .debug_macro   0x000000000001d486      0x6c4 ./Core/Src/Common.o
 .debug_macro   0x000000000001db4a      0x17e ./Core/Src/Common.o
 .debug_macro   0x000000000001dcc8      0x115 ./Core/Src/Common.o
 .debug_macro   0x000000000001dddd      0x1d8 ./Core/Src/Common.o
 .debug_macro   0x000000000001dfb5       0xa5 ./Core/Src/Common.o
 .debug_macro   0x000000000001e05a      0x24f ./Core/Src/Common.o
 .debug_macro   0x000000000001e2a9       0x71 ./Core/Src/Common.o
 .debug_macro   0x000000000001e31a       0x58 ./Core/Src/Common.o
 .debug_macro   0x000000000001e372      0x236 ./Core/Src/Common.o
 .debug_macro   0x000000000001e5a8      0x154 ./Core/Src/Common.o
 .debug_macro   0x000000000001e6fc      0x2c3 ./Core/Src/Common.o
 .debug_macro   0x000000000001e9bf       0x12 ./Core/Src/Common.o
 .debug_macro   0x000000000001e9d1      0x22c ./Core/Src/Common.o
 .debug_macro   0x000000000001ebfd       0x61 ./Core/Src/Common.o
 .debug_macro   0x000000000001ec5e       0xa5 ./Core/Src/Common.o
 .debug_macro   0x000000000001ed03       0x85 ./Core/Src/Common.o
 .debug_macro   0x000000000001ed88      0x12e ./Core/Src/Common.o
 .debug_macro   0x000000000001eeb6      0x108 ./Core/Src/Common.o
 .debug_macro   0x000000000001efbe       0x35 ./Core/Src/Common.o
 .debug_macro   0x000000000001eff3      0x2fe ./Core/Src/Common.o
 .debug_macro   0x000000000001f2f1      0xa83 ./Core/Src/Common.o
 .debug_macro   0x000000000001fd74       0x59 ./Core/Src/Common.o
 .debug_macro   0x000000000001fdcd      0x56d ./Core/Src/Common.o
 .debug_macro   0x000000000002033a       0x44 ./Core/Src/Common.o
 .debug_macro   0x000000000002037e      0x14d ./Core/Src/Common.o
 .debug_macro   0x00000000000204cb      0x21e ./Core/Src/FSMGonio.o
 .debug_macro   0x00000000000206e9      0x228 ./Core/Src/main.o
 .debug_macro   0x0000000000020911      0x20b ./Core/Src/stm32f7xx_hal_msp.o
 .debug_macro   0x0000000000020b1c      0x215 ./Core/Src/stm32f7xx_it.o
 .debug_macro   0x0000000000020d31      0x201 ./Core/Src/system_stm32f7xx.o
 .debug_macro   0x0000000000020f32      0x214 ./Drivers/PC_Communication/PC_Communication.o
 .debug_macro   0x0000000000021146      0x225 ./Drivers/STM32F7xx_HAL_Driver/Src/stm32f7xx_hal.o
 .debug_macro   0x000000000002136b      0x201 ./Drivers/STM32F7xx_HAL_Driver/Src/stm32f7xx_hal_cortex.o
 .debug_macro   0x000000000002156c      0x207 ./Drivers/STM32F7xx_HAL_Driver/Src/stm32f7xx_hal_dma.o
 .debug_macro   0x0000000000021773      0x207 ./Drivers/STM32F7xx_HAL_Driver/Src/stm32f7xx_hal_gpio.o
 .debug_macro   0x000000000002197a      0x20f ./Drivers/STM32F7xx_HAL_Driver/Src/stm32f7xx_hal_iwdg.o
 .debug_macro   0x0000000000021b89      0x219 ./Drivers/STM32F7xx_HAL_Driver/Src/stm32f7xx_hal_pwr_ex.o
 .debug_macro   0x0000000000021da2      0x225 ./Drivers/STM32F7xx_HAL_Driver/Src/stm32f7xx_hal_rcc.o
 .debug_macro   0x0000000000021fc7      0x201 ./Drivers/STM32F7xx_HAL_Driver/Src/stm32f7xx_hal_rcc_ex.o
 .debug_macro   0x00000000000221c8      0x210 ./Drivers/STM32F7xx_HAL_Driver/Src/stm32f7xx_hal_spi.o
 .debug_macro   0x00000000000223d8      0x202 ./Drivers/STM32F7xx_HAL_Driver/Src/stm32f7xx_hal_tim.o
 .debug_macro   0x00000000000225da      0x201 ./Drivers/STM32F7xx_HAL_Driver/Src/stm32f7xx_hal_tim_ex.o
 .debug_macro   0x00000000000227db      0x21e ./Drivers/STM32F7xx_HAL_Driver/Src/stm32f7xx_hal_uart.o
 .debug_macro   0x00000000000229f9      0x201 ./Drivers/STM32F7xx_HAL_Driver/Src/stm32f7xx_hal_uart_ex.o

.debug_line     0x0000000000000000    0x16742
 .debug_line    0x0000000000000000      0x82b ./Core/Src/Common.o
 .debug_line    0x000000000000082b      0x896 ./Core/Src/FSMGonio.o
 .debug_line    0x00000000000010c1      0xd85 ./Core/Src/main.o
 .debug_line    0x0000000000001e46      0xc0f ./Core/Src/stm32f7xx_hal_msp.o
 .debug_line    0x0000000000002a55      0xab2 ./Core/Src/stm32f7xx_it.o
 .debug_line    0x0000000000003507      0x8b0 ./Core/Src/system_stm32f7xx.o
 .debug_line    0x0000000000003db7       0x88 ./Core/Startup/startup_stm32f722vctx.o
 .debug_line    0x0000000000003e3f      0x895 ./Drivers/PC_Communication/PC_Communication.o
 .debug_line    0x00000000000046d4      0xb50 ./Drivers/STM32F7xx_HAL_Driver/Src/stm32f7xx_hal.o
 .debug_line    0x0000000000005224      0xe04 ./Drivers/STM32F7xx_HAL_Driver/Src/stm32f7xx_hal_cortex.o
 .debug_line    0x0000000000006028     0x10a1 ./Drivers/STM32F7xx_HAL_Driver/Src/stm32f7xx_hal_dma.o
 .debug_line    0x00000000000070c9      0xca2 ./Drivers/STM32F7xx_HAL_Driver/Src/stm32f7xx_hal_gpio.o
 .debug_line    0x0000000000007d6b      0x8cb ./Drivers/STM32F7xx_HAL_Driver/Src/stm32f7xx_hal_iwdg.o
 .debug_line    0x0000000000008636      0xac5 ./Drivers/STM32F7xx_HAL_Driver/Src/stm32f7xx_hal_pwr_ex.o
 .debug_line    0x00000000000090fb      0xf93 ./Drivers/STM32F7xx_HAL_Driver/Src/stm32f7xx_hal_rcc.o
 .debug_line    0x000000000000a08e      0xea0 ./Drivers/STM32F7xx_HAL_Driver/Src/stm32f7xx_hal_rcc_ex.o
 .debug_line    0x000000000000af2e     0x210f ./Drivers/STM32F7xx_HAL_Driver/Src/stm32f7xx_hal_spi.o
 .debug_line    0x000000000000d03d     0x3d8f ./Drivers/STM32F7xx_HAL_Driver/Src/stm32f7xx_hal_tim.o
 .debug_line    0x0000000000010dcc     0x1c3c ./Drivers/STM32F7xx_HAL_Driver/Src/stm32f7xx_hal_tim_ex.o
 .debug_line    0x0000000000012a08     0x323f ./Drivers/STM32F7xx_HAL_Driver/Src/stm32f7xx_hal_uart.o
 .debug_line    0x0000000000015c47      0xafb ./Drivers/STM32F7xx_HAL_Driver/Src/stm32f7xx_hal_uart_ex.o

.debug_str      0x0000000000000000    0xdab23
 .debug_str     0x0000000000000000    0xd5a6c ./Core/Src/Common.o
                                      0xd6114 (size before relaxing)
 .debug_str     0x00000000000d5a6c       0xea ./Core/Src/FSMGonio.o
                                      0xd6206 (size before relaxing)
 .debug_str     0x00000000000d5b56     0x144f ./Core/Src/main.o
                                      0xd76a5 (size before relaxing)
 .debug_str     0x00000000000d6fa5      0x374 ./Core/Src/stm32f7xx_hal_msp.o
                                      0xd74df (size before relaxing)
 .debug_str     0x00000000000d7319      0x28f ./Core/Src/stm32f7xx_it.o
                                      0xd6b5e (size before relaxing)
 .debug_str     0x00000000000d75a8      0x1a4 ./Core/Src/system_stm32f7xx.o
                                      0xd6341 (size before relaxing)
 .debug_str     0x00000000000d774c       0x36 ./Core/Startup/startup_stm32f722vctx.o
                                         0x7c (size before relaxing)
 .debug_str     0x00000000000d7782       0x49 ./Drivers/PC_Communication/PC_Communication.o
                                      0xd668a (size before relaxing)
 .debug_str     0x00000000000d77cb      0x3ef ./Drivers/STM32F7xx_HAL_Driver/Src/stm32f7xx_hal.o
                                      0xd6c18 (size before relaxing)
 .debug_str     0x00000000000d7bba      0x354 ./Drivers/STM32F7xx_HAL_Driver/Src/stm32f7xx_hal_cortex.o
                                      0xd6c35 (size before relaxing)
 .debug_str     0x00000000000d7f0e      0x2f1 ./Drivers/STM32F7xx_HAL_Driver/Src/stm32f7xx_hal_dma.o
                                      0xd6680 (size before relaxing)
 .debug_str     0x00000000000d81ff      0x105 ./Drivers/STM32F7xx_HAL_Driver/Src/stm32f7xx_hal_gpio.o
                                      0xd63ff (size before relaxing)
 .debug_str     0x00000000000d8304       0xeb ./Drivers/STM32F7xx_HAL_Driver/Src/stm32f7xx_hal_iwdg.o
                                      0xd622c (size before relaxing)
 .debug_str     0x00000000000d83ef      0x1d1 ./Drivers/STM32F7xx_HAL_Driver/Src/stm32f7xx_hal_pwr_ex.o
                                      0xd65b0 (size before relaxing)
 .debug_str     0x00000000000d85c0      0x259 ./Drivers/STM32F7xx_HAL_Driver/Src/stm32f7xx_hal_rcc.o
                                      0xd66aa (size before relaxing)
 .debug_str     0x00000000000d8819      0x13f ./Drivers/STM32F7xx_HAL_Driver/Src/stm32f7xx_hal_rcc_ex.o
                                      0xd65d8 (size before relaxing)
 .debug_str     0x00000000000d8958      0x5a8 ./Drivers/STM32F7xx_HAL_Driver/Src/stm32f7xx_hal_spi.o
                                      0xd6b7b (size before relaxing)
 .debug_str     0x00000000000d8f00      0xe13 ./Drivers/STM32F7xx_HAL_Driver/Src/stm32f7xx_hal_tim.o
                                      0xd7664 (size before relaxing)
 .debug_str     0x00000000000d9d13      0x4dc ./Drivers/STM32F7xx_HAL_Driver/Src/stm32f7xx_hal_tim_ex.o
                                      0xd6eaa (size before relaxing)
 .debug_str     0x00000000000da1ef      0x833 ./Drivers/STM32F7xx_HAL_Driver/Src/stm32f7xx_hal_uart.o
                                      0xd6ff0 (size before relaxing)
 .debug_str     0x00000000000daa22      0x101 ./Drivers/STM32F7xx_HAL_Driver/Src/stm32f7xx_hal_uart_ex.o
                                      0xd6754 (size before relaxing)

.comment        0x0000000000000000       0x50
 .comment       0x0000000000000000       0x50 ./Core/Src/Common.o
                                         0x51 (size before relaxing)
 .comment       0x0000000000000050       0x51 ./Core/Src/FSMGonio.o
 .comment       0x0000000000000050       0x51 ./Core/Src/main.o
 .comment       0x0000000000000050       0x51 ./Core/Src/stm32f7xx_hal_msp.o
 .comment       0x0000000000000050       0x51 ./Core/Src/stm32f7xx_it.o
 .comment       0x0000000000000050       0x51 ./Core/Src/system_stm32f7xx.o
 .comment       0x0000000000000050       0x51 ./Drivers/PC_Communication/PC_Communication.o
 .comment       0x0000000000000050       0x51 ./Drivers/STM32F7xx_HAL_Driver/Src/stm32f7xx_hal.o
 .comment       0x0000000000000050       0x51 ./Drivers/STM32F7xx_HAL_Driver/Src/stm32f7xx_hal_cortex.o
 .comment       0x0000000000000050       0x51 ./Drivers/STM32F7xx_HAL_Driver/Src/stm32f7xx_hal_dma.o
 .comment       0x0000000000000050       0x51 ./Drivers/STM32F7xx_HAL_Driver/Src/stm32f7xx_hal_gpio.o
 .comment       0x0000000000000050       0x51 ./Drivers/STM32F7xx_HAL_Driver/Src/stm32f7xx_hal_iwdg.o
 .comment       0x0000000000000050       0x51 ./Drivers/STM32F7xx_HAL_Driver/Src/stm32f7xx_hal_pwr_ex.o
 .comment       0x0000000000000050       0x51 ./Drivers/STM32F7xx_HAL_Driver/Src/stm32f7xx_hal_rcc.o
 .comment       0x0000000000000050       0x51 ./Drivers/STM32F7xx_HAL_Driver/Src/stm32f7xx_hal_rcc_ex.o
 .comment       0x0000000000000050       0x51 ./Drivers/STM32F7xx_HAL_Driver/Src/stm32f7xx_hal_spi.o
 .comment       0x0000000000000050       0x51 ./Drivers/STM32F7xx_HAL_Driver/Src/stm32f7xx_hal_tim.o
 .comment       0x0000000000000050       0x51 ./Drivers/STM32F7xx_HAL_Driver/Src/stm32f7xx_hal_tim_ex.o
 .comment       0x0000000000000050       0x51 ./Drivers/STM32F7xx_HAL_Driver/Src/stm32f7xx_hal_uart.o
 .comment       0x0000000000000050       0x51 ./Drivers/STM32F7xx_HAL_Driver/Src/stm32f7xx_hal_uart_ex.o

.debug_ranges   0x0000000000000000      0xfd8
 .debug_ranges  0x0000000000000000       0x18 ./Core/Src/FSMGonio.o
 .debug_ranges  0x0000000000000018       0xb8 ./Core/Src/main.o
 .debug_ranges  0x00000000000000d0       0x40 ./Core/Src/stm32f7xx_hal_msp.o
 .debug_ranges  0x0000000000000110       0xe0 ./Core/Src/stm32f7xx_it.o
 .debug_ranges  0x00000000000001f0       0x18 ./Core/Src/system_stm32f7xx.o
 .debug_ranges  0x0000000000000208       0x20 ./Core/Startup/startup_stm32f722vctx.o
 .debug_ranges  0x0000000000000228       0x20 ./Drivers/PC_Communication/PC_Communication.o
 .debug_ranges  0x0000000000000248       0xf0 ./Drivers/STM32F7xx_HAL_Driver/Src/stm32f7xx_hal.o
 .debug_ranges  0x0000000000000338      0x118 ./Drivers/STM32F7xx_HAL_Driver/Src/stm32f7xx_hal_cortex.o
 .debug_ranges  0x0000000000000450       0x80 ./Drivers/STM32F7xx_HAL_Driver/Src/stm32f7xx_hal_dma.o
 .debug_ranges  0x00000000000004d0       0x48 ./Drivers/STM32F7xx_HAL_Driver/Src/stm32f7xx_hal_gpio.o
 .debug_ranges  0x0000000000000518       0x18 ./Drivers/STM32F7xx_HAL_Driver/Src/stm32f7xx_hal_iwdg.o
 .debug_ranges  0x0000000000000530       0x70 ./Drivers/STM32F7xx_HAL_Driver/Src/stm32f7xx_hal_pwr_ex.o
 .debug_ranges  0x00000000000005a0       0x78 ./Drivers/STM32F7xx_HAL_Driver/Src/stm32f7xx_hal_rcc.o
 .debug_ranges  0x0000000000000618       0x40 ./Drivers/STM32F7xx_HAL_Driver/Src/stm32f7xx_hal_rcc_ex.o
 .debug_ranges  0x0000000000000658      0x1c8 ./Drivers/STM32F7xx_HAL_Driver/Src/stm32f7xx_hal_spi.o
 .debug_ranges  0x0000000000000820      0x3d0 ./Drivers/STM32F7xx_HAL_Driver/Src/stm32f7xx_hal_tim.o
 .debug_ranges  0x0000000000000bf0      0x168 ./Drivers/STM32F7xx_HAL_Driver/Src/stm32f7xx_hal_tim_ex.o
 .debug_ranges  0x0000000000000d58      0x248 ./Drivers/STM32F7xx_HAL_Driver/Src/stm32f7xx_hal_uart.o
 .debug_ranges  0x0000000000000fa0       0x38 ./Drivers/STM32F7xx_HAL_Driver/Src/stm32f7xx_hal_uart_ex.o

.debug_frame    0x0000000000000000     0x45e4
 .debug_frame   0x0000000000000000       0x54 ./Core/Src/FSMGonio.o
 .debug_frame   0x0000000000000054      0x2c8 ./Core/Src/main.o
 .debug_frame   0x000000000000031c      0x118 ./Core/Src/stm32f7xx_hal_msp.o
 .debug_frame   0x0000000000000434      0x2fc ./Core/Src/stm32f7xx_it.o
 .debug_frame   0x0000000000000730       0x58 ./Core/Src/system_stm32f7xx.o
 .debug_frame   0x0000000000000788       0x6c ./Drivers/PC_Communication/PC_Communication.o
 .debug_frame   0x00000000000007f4      0x3b4 ./Drivers/STM32F7xx_HAL_Driver/Src/stm32f7xx_hal.o
 .debug_frame   0x0000000000000ba8      0x4e8 ./Drivers/STM32F7xx_HAL_Driver/Src/stm32f7xx_hal_cortex.o
 .debug_frame   0x0000000000001090      0x250 ./Drivers/STM32F7xx_HAL_Driver/Src/stm32f7xx_hal_dma.o
 .debug_frame   0x00000000000012e0      0x14c ./Drivers/STM32F7xx_HAL_Driver/Src/stm32f7xx_hal_gpio.o
 .debug_frame   0x000000000000142c       0x5c ./Drivers/STM32F7xx_HAL_Driver/Src/stm32f7xx_hal_iwdg.o
 .debug_frame   0x0000000000001488      0x1c8 ./Drivers/STM32F7xx_HAL_Driver/Src/stm32f7xx_hal_pwr_ex.o
 .debug_frame   0x0000000000001650      0x1f8 ./Drivers/STM32F7xx_HAL_Driver/Src/stm32f7xx_hal_rcc.o
 .debug_frame   0x0000000000001848      0x118 ./Drivers/STM32F7xx_HAL_Driver/Src/stm32f7xx_hal_rcc_ex.o
 .debug_frame   0x0000000000001960      0x860 ./Drivers/STM32F7xx_HAL_Driver/Src/stm32f7xx_hal_spi.o
 .debug_frame   0x00000000000021c0     0x121c ./Drivers/STM32F7xx_HAL_Driver/Src/stm32f7xx_hal_tim.o
 .debug_frame   0x00000000000033dc      0x688 ./Drivers/STM32F7xx_HAL_Driver/Src/stm32f7xx_hal_tim_ex.o
 .debug_frame   0x0000000000003a64      0x9e8 ./Drivers/STM32F7xx_HAL_Driver/Src/stm32f7xx_hal_uart.o
 .debug_frame   0x000000000000444c       0xec ./Drivers/STM32F7xx_HAL_Driver/Src/stm32f7xx_hal_uart_ex.o
 .debug_frame   0x0000000000004538       0x2c c:/program files/stmicroelectronics/stm32cubeide_1.12.0/stm32cubeide/plugins/com.st.stm32cube.ide.mcu.externaltools.gnu-tools-for-stm32.10.3-2021.10.win32_1.0.200.202301161003/tools/bin/../lib/gcc/arm-none-eabi/10.3.1/../../../../arm-none-eabi/lib/thumb/v7e-m+fp/hard\libc_nano.a(lib_a-init.o)
 .debug_frame   0x0000000000004564       0x20 c:/program files/stmicroelectronics/stm32cubeide_1.12.0/stm32cubeide/plugins/com.st.stm32cube.ide.mcu.externaltools.gnu-tools-for-stm32.10.3-2021.10.win32_1.0.200.202301161003/tools/bin/../lib/gcc/arm-none-eabi/10.3.1/../../../../arm-none-eabi/lib/thumb/v7e-m+fp/hard\libc_nano.a(lib_a-memset.o)
 .debug_frame   0x0000000000004584       0x2c c:/program files/stmicroelectronics/stm32cubeide_1.12.0/stm32cubeide/plugins/com.st.stm32cube.ide.mcu.externaltools.gnu-tools-for-stm32.10.3-2021.10.win32_1.0.200.202301161003/tools/bin/../lib/gcc/arm-none-eabi/10.3.1/thumb/v7e-m+fp/hard\libgcc.a(_aeabi_uldivmod.o)
 .debug_frame   0x00000000000045b0       0x34 c:/program files/stmicroelectronics/stm32cubeide_1.12.0/stm32cubeide/plugins/com.st.stm32cube.ide.mcu.externaltools.gnu-tools-for-stm32.10.3-2021.10.win32_1.0.200.202301161003/tools/bin/../lib/gcc/arm-none-eabi/10.3.1/thumb/v7e-m+fp/hard\libgcc.a(_udivmoddi4.o)
