../Core/Src/stm32f7xx_it.c:87:6:NMI_Handler	4	static
../Core/Src/stm32f7xx_it.c:102:6:HardFault_Handler	4	static
../Core/Src/stm32f7xx_it.c:117:6:MemManage_Handler	4	static
../Core/Src/stm32f7xx_it.c:132:6:BusFault_Handler	4	static
../Core/Src/stm32f7xx_it.c:147:6:UsageFault_Handler	4	static
../Core/Src/stm32f7xx_it.c:162:6:SVC_Handler	4	static
../Core/Src/stm32f7xx_it.c:175:6:DebugMon_Handler	4	static
../Core/Src/stm32f7xx_it.c:188:6:PendSV_Handler	4	static
../Core/Src/stm32f7xx_it.c:201:6:SysTick_Handler	8	static
../Core/Src/stm32f7xx_it.c:222:6:DMA1_Stream0_IRQHandler	8	static
../Core/Src/stm32f7xx_it.c:236:6:DMA1_Stream1_IRQHandler	8	static
../Core/Src/stm32f7xx_it.c:250:6:DMA1_Stream5_IRQHandler	8	static
../Core/Src/stm32f7xx_it.c:264:6:TIM1_UP_TIM10_IRQHandler	8	static
../Core/Src/stm32f7xx_it.c:279:6:TIM1_TRG_COM_TIM11_IRQHandler	8	static
../Core/Src/stm32f7xx_it.c:294:6:TIM2_IRQHandler	8	static
../Core/Src/stm32f7xx_it.c:308:6:TIM3_IRQHandler	8	static
../Core/Src/stm32f7xx_it.c:322:6:TIM4_IRQHandler	8	static
../Core/Src/stm32f7xx_it.c:336:6:USART1_IRQHandler	8	static
../Core/Src/stm32f7xx_it.c:350:6:USART3_IRQHandler	8	static
../Core/Src/stm32f7xx_it.c:364:6:TIM8_BRK_TIM12_IRQHandler	8	static
../Core/Src/stm32f7xx_it.c:378:6:TIM8_UP_TIM13_IRQHandler	8	static
../Core/Src/stm32f7xx_it.c:392:6:TIM8_TRG_COM_TIM14_IRQHandler	8	static
../Core/Src/stm32f7xx_it.c:406:6:TIM5_IRQHandler	8	static
../Core/Src/stm32f7xx_it.c:420:6:TIM7_IRQHandler	8	static
../Core/Src/stm32f7xx_it.c:434:6:DMA2_Stream0_IRQHandler	8	static
../Core/Src/stm32f7xx_it.c:448:6:DMA2_Stream1_IRQHandler	8	static
../Core/Src/stm32f7xx_it.c:462:6:DMA2_Stream2_IRQHandler	8	static
