../Drivers/Timer/Timer.c:12:6:startKeepAliveTimer	8	static
../Drivers/Timer/Timer.c:17:6:resetKeepAliveTimer	4	static
../Drivers/Timer/Timer.c:22:6:startCalibrationTimer	8	static
../Drivers/Timer/Timer.c:27:6:stopCalibrationTimer	8	static
../Drivers/Timer/Timer.c:33:6:startPollingEncoderTimer	8	static
../Drivers/Timer/Timer.c:37:6:stopPollingEncoderTimer	8	static
../Drivers/Timer/Timer.c:42:6:startIntervalTimer	8	static
../Drivers/Timer/Timer.c:46:6:stopIntervalTimer	8	static
../Drivers/Timer/Timer.c:51:6:startResolutionTimer	8	static
../Drivers/Timer/Timer.c:55:6:stopResolutionTimer	8	static
../Drivers/Timer/Timer.c:60:6:setEncoderTimerParams	16	static
../Drivers/Timer/Timer.c:64:6:setTimeIntervalTimerParams	16	static
../Drivers/Timer/Timer.c:68:6:setTimeResolutionTimerParams	16	static
../Drivers/Timer/Timer.c:73:6:setTimerARR	24	static
../Drivers/Timer/Timer.c:79:22:getTimerStatus	16	static
../Drivers/Timer/Timer.c:83:6:startTimer	16	static
../Drivers/Timer/Timer.c:87:6:stopTimer	16	static
../Drivers/Timer/Timer.c:91:6:HAL_TIM_PeriodElapsedCallback	16	static
