../Drivers/Timer/Timer.c:12:6:resetKeepAliveTimer	4	static
../Drivers/Timer/Timer.c:17:6:startCalibrationTimer	4	static
../Drivers/Timer/Timer.c:20:6:stopCalibrationTimer	4	static
../Drivers/Timer/Timer.c:24:6:startPollingEncoderTimer	8	static
../Drivers/Timer/Timer.c:28:6:stopPollingEncoderTimer	8	static
../Drivers/Timer/Timer.c:33:6:startIntervalTimer	8	static
../Drivers/Timer/Timer.c:37:6:stopIntervalTimer	8	static
../Drivers/Timer/Timer.c:42:6:startResolutionTimer	8	static
../Drivers/Timer/Timer.c:46:6:stopResolutionTimer	8	static
../Drivers/Timer/Timer.c:51:6:setEncoderTimerParams	16	static
../Drivers/Timer/Timer.c:55:6:setTimeIntervalTimerParams	16	static
../Drivers/Timer/Timer.c:59:6:setTimeResolutionTimerParams	16	static
../Drivers/Timer/Timer.c:64:6:setTimerARR	24	static
../Drivers/Timer/Timer.c:70:22:getTimerStatus	16	static
../Drivers/Timer/Timer.c:74:6:startTimer	16	static
../Drivers/Timer/Timer.c:78:6:stopTimer	16	static
../Drivers/Timer/Timer.c:82:6:HAL_TIM_PeriodElapsedCallback	16	static
