../Logic layer/MeasurementController.c:25:6:setActivePlatform	16	static
../Logic layer/MeasurementController.c:34:10:calculateEncPosition	24	static
../Logic layer/MeasurementController.c:39:6:handleDynamicMeasurement	8	static
../Logic layer/MeasurementController.c:113:6:initDynamicMeasurement	32	static
../Logic layer/MeasurementController.c:167:6:handleStaticMeasurement	4	static
../Logic layer/MeasurementController.c:170:6:initStaticMeasurement	4	static
../Logic layer/MeasurementController.c:174:6:handleTestRotation	4	static
../Logic layer/MeasurementController.c:179:6:initTestRotation	24	static
../Logic layer/MeasurementController.c:200:6:savePhotodetectorData	4	static
../Logic layer/MeasurementController.c:204:6:isPlatformReachStartPosition	4	static
../Logic layer/MeasurementController.c:208:6:isPlatformReachEndPosition	4	static
../Logic layer/MeasurementController.c:212:6:isPlatformReachTestPosition	4	static
