../Logic layer/PC_Protocol.c:52:6:resetProtocolModule	8	static
../Logic layer/PC_Protocol.c:60:6:isErrorOccured	4	static
../Logic layer/PC_Protocol.c:68:6:saveOffsetCalibrationData	24	static
../Logic layer/PC_Protocol.c:78:6:setError	16	static
../Logic layer/PC_Protocol.c:84:6:checkCRC	32	static
../Logic layer/PC_Protocol.c:97:6:clearBuffer	24	static
../Logic layer/PC_Protocol.c:103:6:sendErrorResponse	16	static
../Logic layer/PC_Protocol.c:113:6:sendErrorResponseCode	16	static
../Logic layer/PC_Protocol.c:124:6:stopUpdatePDData	4	static
../Logic layer/PC_Protocol.c:129:6:resetUpdatePDData	4	static
../Logic layer/PC_Protocol.c:134:6:updateWorkStatus	8	static
../Logic layer/PC_Protocol.c:148:6:setADCDataStatus	16	static
../Logic layer/PC_Protocol.c:153:9:getCurrentAction	16	static
../Logic layer/PC_Protocol.c:158:6:sendResponseOnCMD	56	static
../Logic layer/PC_Protocol.c:210:6:sendPreviousResponse	8	static
../Logic layer/PC_Protocol.c:215:6:sendDataPacket	24	static
../Logic layer/PC_Protocol.c:233:6:savePhotodetectorData	16	static
../Logic layer/PC_Protocol.c:239:9:getDataStatus	8	static
../Logic layer/PC_Protocol.c:254:6:isADCDataAvailable	4	static
../Logic layer/PC_Protocol.c:261:6:parserCMD	8	static
