../Logic layer/PC_Protocol.c:46:6:saveOffsetData	16	static
../Logic layer/PC_Protocol.c:50:6:setError	16	static
../Logic layer/PC_Protocol.c:54:6:checkCRC	16	static
../Logic layer/PC_Protocol.c:58:6:calculateCRC	16	static
../Logic layer/PC_Protocol.c:62:6:clearBuffer	24	static
../Logic layer/PC_Protocol.c:68:6:sendErrorResponse	8	static
../Logic layer/PC_Protocol.c:77:6:stopUpdatePDData	4	static
../Logic layer/PC_Protocol.c:81:6:sendResponseOnCMD	48	static
../Logic layer/PC_Protocol.c:132:6:sendPreviousResponse	4	static
../Logic layer/PC_Protocol.c:136:6:isADCDataAvailable	4	static
../Logic layer/PC_Protocol.c:140:6:parserCMD	8	static
