../Logic layer/PC_Protocol.c:47:6:saveOffsetCalibrationData	16	static
../Logic layer/PC_Protocol.c:51:6:setError	16	static
../Logic layer/PC_Protocol.c:58:6:checkCRC	16	static
../Logic layer/PC_Protocol.c:62:6:calculateCRC	16	static
../Logic layer/PC_Protocol.c:66:6:clearBuffer	24	static
../Logic layer/PC_Protocol.c:72:6:sendErrorResponse	8	static
../Logic layer/PC_Protocol.c:81:6:sendErrorResponseCode	8	static
../Logic layer/PC_Protocol.c:91:6:stopUpdatePDData	4	static
../Logic layer/PC_Protocol.c:96:6:resetUpdatePDData	4	static
../Logic layer/PC_Protocol.c:100:9:getWorkStatus	4	static
../Logic layer/PC_Protocol.c:104:9:getADCDataStatus	4	static
../Logic layer/PC_Protocol.c:109:9:getCurrentAction	16	static
../Logic layer/PC_Protocol.c:114:6:sendResponseOnCMD	48	static
../Logic layer/PC_Protocol.c:165:6:sendPreviousResponse	4	static
../Logic layer/PC_Protocol.c:169:6:isADCDataAvailable	4	static
../Logic layer/PC_Protocol.c:173:6:parserCMD	8	static
