../Logic layer/PC_Protocol.c:52:6:saveOffsetCalibrationData	24	static
../Logic layer/PC_Protocol.c:62:6:setError	16	static
../Logic layer/PC_Protocol.c:69:6:checkCRC	32	static
../Logic layer/PC_Protocol.c:82:6:clearBuffer	24	static
../Logic layer/PC_Protocol.c:88:6:sendErrorResponse	16	static
../Logic layer/PC_Protocol.c:98:6:sendErrorResponseCode	16	static
../Logic layer/PC_Protocol.c:109:6:stopUpdatePDData	4	static
../Logic layer/PC_Protocol.c:114:6:resetUpdatePDData	4	static
../Logic layer/PC_Protocol.c:119:6:updateWorkStatus	8	static
../Logic layer/PC_Protocol.c:133:6:setADCDataStatus	16	static
../Logic layer/PC_Protocol.c:138:9:getCurrentAction	16	static
../Logic layer/PC_Protocol.c:143:6:sendResponseOnCMD	56	static
../Logic layer/PC_Protocol.c:195:6:sendPreviousResponse	8	static
../Logic layer/PC_Protocol.c:200:6:sendDataPacket	24	static
../Logic layer/PC_Protocol.c:218:6:savePhotodetectorData	16	static
../Logic layer/PC_Protocol.c:224:9:getDataStatus	8	static
../Logic layer/PC_Protocol.c:239:6:isADCDataAvailable	4	static
../Logic layer/PC_Protocol.c:246:6:parserCMD	8	static
