../Logic layer/PC_Protocol.c:36:6:setError	16	static
../Logic layer/PC_Protocol.c:40:6:checkCRC	16	static
../Logic layer/PC_Protocol.c:44:6:calculateCRC	16	static
../Logic layer/PC_Protocol.c:48:6:setErrorResponse	4	static
../Logic layer/PC_Protocol.c:52:6:stopUpdatePDData	4	static
../Logic layer/PC_Protocol.c:56:6:sendResponseOnCMD	16	static
../Logic layer/PC_Protocol.c:60:6:sendPreviousResponse	4	static
../Logic layer/PC_Protocol.c:64:6:isADCDataAvailable	4	static
../Logic layer/PC_Protocol.c:68:6:parserCMD	8	static
