../Logic layer/PC_Protocol.c:52:6:resetProtocolModule	8	static
../Logic layer/PC_Protocol.c:58:6:isErrorOccured	4	static
../Logic layer/PC_Protocol.c:66:6:saveOffsetCalibrationData	24	static
../Logic layer/PC_Protocol.c:76:6:setError	16	static
../Logic layer/PC_Protocol.c:82:6:checkCRC	32	static
../Logic layer/PC_Protocol.c:95:6:clearBuffer	24	static
../Logic layer/PC_Protocol.c:101:6:sendErrorResponse	16	static
../Logic layer/PC_Protocol.c:111:6:sendErrorResponseCode	16	static
../Logic layer/PC_Protocol.c:122:6:stopUpdatePDData	4	static
../Logic layer/PC_Protocol.c:127:6:resetUpdatePDData	4	static
../Logic layer/PC_Protocol.c:132:6:updateWorkStatus	8	static
../Logic layer/PC_Protocol.c:146:6:setADCDataStatus	16	static
../Logic layer/PC_Protocol.c:151:9:getCurrentAction	16	static
../Logic layer/PC_Protocol.c:156:6:sendResponseOnCMD	56	static
../Logic layer/PC_Protocol.c:208:6:sendPreviousResponse	8	static
../Logic layer/PC_Protocol.c:213:6:sendDataPacket	24	static
../Logic layer/PC_Protocol.c:231:6:savePhotodetectorData	16	static
../Logic layer/PC_Protocol.c:237:9:getDataStatus	8	static
../Logic layer/PC_Protocol.c:252:6:isADCDataAvailable	4	static
../Logic layer/PC_Protocol.c:259:6:parserCMD	8	static
