../Logic layer/PhotodetectorController.c:17:10:getADCValue	16	static
../Logic layer/PhotodetectorController.c:29:6:checkCRCPhotodetectorData	16	static
../Logic layer/PhotodetectorController.c:36:6:isCalibrationEnd	4	static
../Logic layer/PhotodetectorController.c:39:6:isCalibrationSuccess	4	static
../Logic layer/PhotodetectorController.c:43:6:isSuccessCoeffSetting	4	static
../Logic layer/PhotodetectorController.c:47:6:setParamsADC	24	static
../Logic layer/PhotodetectorController.c:66:9:getADCAmplifierValInverted	16	static
../Logic layer/PhotodetectorController.c:90:10:calculateMedianVal	56	static
../Logic layer/PhotodetectorController.c:101:6:swap	24	static
../Logic layer/PhotodetectorController.c:107:6:bubbleSort	24	static
../Logic layer/PhotodetectorController.c:127:10:getPDOffsetVal	216	static
../Logic layer/PhotodetectorController.c:145:6:handleCoeffSetting	16	static
../Logic layer/PhotodetectorController.c:164:6:initADCCalibration	8	static
../Logic layer/PhotodetectorController.c:169:6:handleCalibration	24	static
