../Logic layer/PhotodetectorController.c:17:10:getADCValue	16	static
../Logic layer/PhotodetectorController.c:27:6:pollPD	8	static
../Logic layer/PhotodetectorController.c:33:6:checkCRCPhotodetectorData	16	static
../Logic layer/PhotodetectorController.c:40:6:isCalibrationEnd	4	static
../Logic layer/PhotodetectorController.c:43:6:isCalibrationSuccess	4	static
../Logic layer/PhotodetectorController.c:47:6:isSuccessCoeffSetting	4	static
../Logic layer/PhotodetectorController.c:51:6:setParamsADC	24	static
../Logic layer/PhotodetectorController.c:70:9:getADCAmplifierValInverted	16	static
../Logic layer/PhotodetectorController.c:94:10:calculateMedianVal	56	static
../Logic layer/PhotodetectorController.c:105:6:swap	24	static
../Logic layer/PhotodetectorController.c:111:6:bubbleSort	24	static
../Logic layer/PhotodetectorController.c:131:10:getPDOffsetVal	216	static
../Logic layer/PhotodetectorController.c:149:6:handleCoeffSetting	16	static
../Logic layer/PhotodetectorController.c:168:6:initADCCalibration	8	static
../Logic layer/PhotodetectorController.c:173:6:handleCalibration	24	static
