../Logic layer/PhotodetectorController.c:17:10:getADCValue	16	static
../Logic layer/PhotodetectorController.c:28:6:checkCRCPhotodetectorData	16	static
../Logic layer/PhotodetectorController.c:35:6:isCalibrationEnd	4	static
../Logic layer/PhotodetectorController.c:38:6:isCalibrationSuccess	4	static
../Logic layer/PhotodetectorController.c:42:6:isSuccessCoeffSetting	4	static
../Logic layer/PhotodetectorController.c:46:6:setParamsADC	24	static
../Logic layer/PhotodetectorController.c:65:9:getADCAmplifierValInverted	16	static
../Logic layer/PhotodetectorController.c:89:10:calculateMedianVal	56	static
../Logic layer/PhotodetectorController.c:100:6:swap	24	static
../Logic layer/PhotodetectorController.c:106:6:bubbleSort	24	static
../Logic layer/PhotodetectorController.c:126:10:getPDOffsetVal	216	static
../Logic layer/PhotodetectorController.c:144:6:handleCoeffSetting	16	static
../Logic layer/PhotodetectorController.c:163:6:initADCCalibration	8	static
../Logic layer/PhotodetectorController.c:168:6:handleCalibration	24	static
