../Logic layer/PhotodetectorController.c:17:6:checkCRCPhotodetectorData	16	static
../Logic layer/PhotodetectorController.c:24:6:isCalibrationEnd	4	static
../Logic layer/PhotodetectorController.c:27:6:isCalibrationSuccess	4	static
../Logic layer/PhotodetectorController.c:31:6:isSuccessCoeffSetting	4	static
../Logic layer/PhotodetectorController.c:35:6:setParamsADC	24	static
../Logic layer/PhotodetectorController.c:54:9:getADCAmplifierValInverted	16	static
../Logic layer/PhotodetectorController.c:78:10:calculateMedianVal	56	static
../Logic layer/PhotodetectorController.c:89:6:swap	24	static
../Logic layer/PhotodetectorController.c:95:6:bubbleSort	24	static
../Logic layer/PhotodetectorController.c:115:10:getPDOffsetVal	216	static
../Logic layer/PhotodetectorController.c:133:6:handleCoeffSetting	16	static
../Logic layer/PhotodetectorController.c:152:6:initADCCalibration	8	static
../Logic layer/PhotodetectorController.c:157:6:handleCalibration	24	static
