../Logic layer/PhotodetectorController.c:17:10:getADCValue	16	static
../Logic layer/PhotodetectorController.c:27:6:checkCRCPhotodetectorData	16	static
../Logic layer/PhotodetectorController.c:34:6:isCalibrationEnd	4	static
../Logic layer/PhotodetectorController.c:37:6:isCalibrationSuccess	4	static
../Logic layer/PhotodetectorController.c:41:6:isSuccessCoeffSetting	4	static
../Logic layer/PhotodetectorController.c:45:6:setParamsADC	24	static
../Logic layer/PhotodetectorController.c:64:9:getADCAmplifierValInverted	16	static
../Logic layer/PhotodetectorController.c:88:10:calculateMedianVal	56	static
../Logic layer/PhotodetectorController.c:99:6:swap	24	static
../Logic layer/PhotodetectorController.c:105:6:bubbleSort	24	static
../Logic layer/PhotodetectorController.c:125:10:getPDOffsetVal	216	static
../Logic layer/PhotodetectorController.c:143:6:handleCoeffSetting	16	static
../Logic layer/PhotodetectorController.c:162:6:initADCCalibration	8	static
../Logic layer/PhotodetectorController.c:167:6:handleCalibration	24	static
