../Logic layer/Platform.c:6:6:initPlatforms	4	static
../Logic layer/Platform.c:14:6:acceleratePlatform	8	static
../Logic layer/Platform.c:19:6:isPlatformStopped	8	static
../Logic layer/Platform.c:27:6:isPlatformAccelerated	8	static
../Logic layer/Platform.c:35:6:deceleratePlatform	8	static
../Logic layer/Platform.c:40:6:setCurrentPlatform	16	static
../Logic layer/Platform.c:45:6:setOffsetPosition	4	static
../Logic layer/Platform.c:50:6:setPlatformSpeed	16	static
../Logic layer/Platform.c:75:6:setSpecifiedPlatformSpeed	16	static
../Logic layer/Platform.c:80:6:setPlatformDirection	16	static
../Logic layer/Platform.c:83:6:startPlatformRotation	8	static
../Logic layer/Platform.c:88:6:stopPlatform	8	static
../Logic layer/Platform.c:93:6:stopPlatforms	8	static
../Logic layer/Platform.c:98:6:isPlatformRotationForward	8	static
../Logic layer/Platform.c:106:6:invertPlatformDirection	8	static
../Logic layer/Platform.c:115:10:getOffsetPosition	16	static
../Logic layer/Platform.c:119:10:getInvertedEncoderVal	16	static
../Logic layer/Platform.c:127:6:updateEncoderVal	16	static
