../Logic layer/Platform.c:6:6:initPlatforms	4	static
../Logic layer/Platform.c:10:6:acceleratePlatform	8	static
../Logic layer/Platform.c:15:6:isPlatformStopped	8	static
../Logic layer/Platform.c:23:6:isPlatformAccelerated	8	static
../Logic layer/Platform.c:31:6:deceleratePlatform	8	static
../Logic layer/Platform.c:36:6:setCurrentPlatform	16	static
../Logic layer/Platform.c:41:6:setOffsetPosition	16	static
../Logic layer/Platform.c:46:6:setPlatformSpeed	16	static
../Logic layer/Platform.c:50:6:setPlatformDirection	16	static
../Logic layer/Platform.c:53:6:startPlatformRotation	4	static
../Logic layer/Platform.c:57:6:stopPlatform	4	static
../Logic layer/Platform.c:61:6:isPlatformRotationForward	4	static
../Logic layer/Platform.c:65:6:invertPlatformRotation	4	static
