../Logic layer/Platform.c:6:6:initPlatforms	4	static
../Logic layer/Platform.c:10:6:acceleratePlatform	8	static
../Logic layer/Platform.c:15:6:isPlatformStopped	8	static
../Logic layer/Platform.c:23:6:isPlatformAccelerated	8	static
../Logic layer/Platform.c:31:6:deceleratePlatform	8	static
../Logic layer/Platform.c:36:6:setCurrentPlatform	16	static
../Logic layer/Platform.c:41:6:setOffsetPosition	4	static
../Logic layer/Platform.c:46:6:setPlatformSpeed	16	static
../Logic layer/Platform.c:71:6:setSpecifiedPlatformSpeed	16	static
../Logic layer/Platform.c:76:6:setPlatformDirection	16	static
../Logic layer/Platform.c:79:6:startPlatformRotation	8	static
../Logic layer/Platform.c:84:6:stopPlatform	8	static
../Logic layer/Platform.c:89:6:stopPlatforms	8	static
../Logic layer/Platform.c:94:6:isPlatformRotationForward	8	static
../Logic layer/Platform.c:102:6:invertPlatformDirection	8	static
../Logic layer/Platform.c:111:10:getOffsetPosition	16	static
../Logic layer/Platform.c:115:10:getInvertedEncoderVal	16	static
../Logic layer/Platform.c:123:6:updateEncoderVal	16	static
